Archive member included to satisfy reference by file (symbol)

../../../ei-freertos/build/REL/xenon/lib/CORE_CSIRO/watchdog_common.o
                              ../../../ei-freertos/build/REL/xenon/obj/thesis/thesis.o (vWatchdogPrintRebootReason)
../../../ei-freertos/build/REL/xenon/lib/CORE_CSIRO/uart_common.o
                              ../../../ei-freertos/build/REL/xenon/obj/thesis/s4431800_spi.o (vSerialReceiveTask)
../../../ei-freertos/build/REL/xenon/lib/CORE_CSIRO/rtc_common.o
                              ../../../ei-freertos/build/REL/xenon/obj/thesis/s4431800_os.o (eRtcPrintDatetime)
../../../ei-freertos/build/REL/xenon/lib/CORE_CSIRO/watchdog.o
                              ../../../ei-freertos/build/REL/xenon/obj/thesis/thesis.o (xWatchdogRebootReason)
../../../ei-freertos/build/REL/xenon/lib/CORE_CSIRO/uart.o
                              ../../../ei-freertos/build/REL/xenon/obj/thesis/s4431800_spi.o (eUartInit)
../../../ei-freertos/build/REL/xenon/lib/CORE_CSIRO/spi.o
                              ../../../ei-freertos/build/REL/xenon/obj/thesis/s4431800_spi.o (eSpiInit)
../../../ei-freertos/build/REL/xenon/lib/CORE_CSIRO/gpio.o
                              ../../../ei-freertos/build/REL/xenon/obj/thesis/s4431800_spi.o (vGpioSetup)
../../../ei-freertos/build/REL/xenon/lib/CORE_CSIRO/cpu.o
                              ../../../ei-freertos/build/REL/xenon/lib/CORE_CSIRO/uart.o (vInterruptSetPriority)
../../../ei-freertos/build/REL/xenon/lib/CORE_CSIRO/rtc.o
                              ../../../ei-freertos/build/REL/xenon/lib/CORE_CSIRO/rtc_common.o (bRtcGetEpochTime)
../../../ei-freertos/build/REL/xenon/lib/CORE_CSIRO/main.o
                              /usr/lib/gcc/arm-none-eabi/7.3.1/../../../arm-none-eabi/lib/thumb/v7e-m/fpv4-sp/softfp/crt0.o (main)
../../../ei-freertos/build/REL/xenon/lib/CORE_CSIRO/xenon_board.o
                              ../../../ei-freertos/build/REL/xenon/lib/CORE_CSIRO/main.o (vBoardSetupCore)
../../../ei-freertos/build/REL/xenon/lib/CORE_CSIRO/log.o
                              ../../../ei-freertos/build/REL/xenon/obj/thesis/thesis.o (vLogResetLogLevels)
../../../ei-freertos/build/REL/xenon/lib/CORE_CSIRO/tdf.o
                              ../../../ei-freertos/build/REL/xenon/lib/CORE_CSIRO/xenon_board.o (eTdfLoggerConfigure)
../../../ei-freertos/build/REL/xenon/lib/CORE_CSIRO/memory_operations.o
                              ../../../ei-freertos/build/REL/xenon/obj/thesis/gatt_nrf52.o (pvMemset)
../../../ei-freertos/build/REL/xenon/lib/CORE_CSIRO/bluetooth_logger.o
                              ../../../ei-freertos/build/REL/xenon/lib/CORE_CSIRO/xenon_board.o (xBluetoothLoggerDevice)
../../../ei-freertos/build/REL/xenon/lib/CORE_CSIRO/serial_logger.o
                              ../../../ei-freertos/build/REL/xenon/lib/CORE_CSIRO/xenon_board.o (xSerialLoggerDevice)
../../../ei-freertos/build/REL/xenon/lib/CORE_CSIRO/null_logger.o
                              ../../../ei-freertos/build/REL/xenon/lib/CORE_CSIRO/xenon_board.o (xNullLoggerDevice)
../../../ei-freertos/build/REL/xenon/lib/CORE_CSIRO/unified_comms.o
                              ../../../ei-freertos/build/REL/xenon/lib/CORE_CSIRO/xenon_board.o (vUnifiedCommsInit)
../../../ei-freertos/build/REL/xenon/lib/CORE_CSIRO/unified_comms_bluetooth.o
                              ../../../ei-freertos/build/REL/xenon/lib/CORE_CSIRO/xenon_board.o (xBluetoothComms)
../../../ei-freertos/build/REL/xenon/lib/CORE_CSIRO/unified_comms_serial.o
                              ../../../ei-freertos/build/REL/xenon/obj/thesis/thesis.o (xSerialComms)
../../../ei-freertos/build/REL/xenon/lib/CORE_CSIRO/unified_comms_gatt.o
                              ../../../ei-freertos/build/REL/xenon/lib/CORE_CSIRO/xenon_board.o (xGattComms)
../../../ei-freertos/build/REL/xenon/lib/CORE_CSIRO/leds.o
                              ../../../ei-freertos/build/REL/xenon/lib/CORE_CSIRO/xenon_board.o (vLedsInit)
../../../ei-freertos/build/REL/xenon/lib/CORE_CSIRO/bluetooth_utility.o
                              ../../../ei-freertos/build/REL/xenon/lib/CORE_CSIRO/unified_comms_gatt.o (pxBluetoothSearchCharacteristicUUID)
../../../ei-freertos/build/REL/xenon/lib/CORE_CSIRO/bluetooth_controller.o
                              ../../../ei-freertos/build/REL/xenon/lib/CORE_CSIRO/unified_comms_gatt.o (pxBluetoothMasterConfiguration)
../../../ei-freertos/build/REL/xenon/lib/CORE_CSIRO/crypto_common.o
                              ../../../ei-freertos/build/REL/xenon/lib/CORE_CSIRO/unified_comms_bluetooth.o (vAes128Crypt)
../../../ei-freertos/build/REL/xenon/lib/CORE_CSIRO/bluetooth_gap.o
                              ../../../ei-freertos/build/REL/xenon/lib/CORE_CSIRO/xenon_board.o (vBluetoothGetLocalAddress)
../../../ei-freertos/build/REL/xenon/lib/CORE_CSIRO/bluetooth_gatt.o
                              ../../../ei-freertos/build/REL/xenon/lib/CORE_CSIRO/bluetooth_controller.o (vBluetoothGattRegisterInitiatedConnection)
[...]
Memory Configuration

Name             Origin             Length             Attributes
SOFTDEVICE_FLASH 0x0000000000000000 0x0000000000026000 xr
FLASH            0x0000000000026000 0x00000000000d7000 xr
NVM              0x00000000000fd000 0x0000000000003000 r
SOFTDEVICE_RAM   0x0000000020000000 0x0000000000004000 xrw
RAM              0x0000000020004000 0x000000000003c000 xrw
*default*        0x0000000000000000 0xffffffffffffffff

Linker script and memory map

LOAD /usr/lib/gcc/arm-none-eabi/7.3.1/thumb/v7e-m/fpv4-sp/softfp/crti.o
LOAD /usr/lib/gcc/arm-none-eabi/7.3.1/thumb/v7e-m/fpv4-sp/softfp/crtbegin.o
LOAD /usr/lib/gcc/arm-none-eabi/7.3.1/../../../arm-none-eabi/lib/thumb/v7e-m/fpv4-sp/softfp/crt0.o
LOAD ../../../ei-freertos/build/REL/xenon/obj/thesis/FreeRTOS_CLI.o
LOAD ../../../ei-freertos/build/REL/xenon/obj/thesis/s4431800_spi.o
LOAD ../../../ei-freertos/build/REL/xenon/obj/thesis/s4431800_cli.o
LOAD ../../../ei-freertos/build/REL/xenon/obj/thesis/s4431800_os.o
LOAD ../../../ei-freertos/build/REL/xenon/obj/thesis/syscalls.o
LOAD ../../../ei-freertos/build/REL/xenon/obj/thesis/cortex_exceptions.o
LOAD ../../../ei-freertos/build/REL/xenon/obj/thesis/thesis.o
LOAD ../../../ei-freertos/build/REL/xenon/obj/thesis/rtos_hooks.o
LOAD ../../../ei-freertos/build/REL/xenon/obj/thesis/heap_1.o
LOAD ../../../ei-freertos/build/REL/xenon/obj/thesis/device_nvm_keys.o
LOAD ../../../ei-freertos/build/REL/xenon/obj/thesis/s140_variant.o
LOAD ../../../ei-freertos/build/REL/xenon/obj/thesis/gcc_startup_nrf52840.o
LOAD ../../../ei-freertos/build/REL/xenon/obj/thesis/gatt_nrf52.o
LOAD ../../../ei-freertos/build/REL/xenon/obj/thesis/build_info.o
START GROUP
LOAD ../../../ei-freertos/build/REL/xenon/lib/libCORE_CSIRO.a
LOAD ../../../ei-freertos/build/REL/xenon/lib/libNRF_SDK.a
LOAD ../../../ei-freertos/build/REL/xenon/lib/libCORE_FREERTOS.a
LOAD ../../../ei-freertos/build/REL/lib_nrf52/libNRF_USBD.a
LOAD ../../../ei-freertos/build/REL/lib_nrf52/libCMSIS.a
LOAD ../../../ei-freertos/build/REL/lib_nrf52/libMBEDTLS.a
LOAD ../../../ei-freertos/build/REL/lib_nrf52/libCORE_ARCH.a
LOAD /usr/lib/gcc/arm-none-eabi/7.3.1/../../../arm-none-eabi/lib/thumb/v7e-m/fpv4-sp/softfp/libm.a
END GROUP
START GROUP
LOAD /usr/lib/gcc/arm-none-eabi/7.3.1/thumb/v7e-m/fpv4-sp/softfp/libgcc.a
LOAD /usr/lib/gcc/arm-none-eabi/7.3.1/../../../arm-none-eabi/lib/thumb/v7e-m/fpv4-sp/softfp/libc.a
END GROUP
LOAD /usr/lib/gcc/arm-none-eabi/7.3.1/thumb/v7e-m/fpv4-sp/softfp/crtend.o
LOAD /usr/lib/gcc/arm-none-eabi/7.3.1/thumb/v7e-m/fpv4-sp/softfp/crtn.o
START GROUP
LOAD /usr/lib/gcc/arm-none-eabi/7.3.1/thumb/v7e-m/fpv4-sp/softfp/libgcc.a
LOAD /usr/lib/gcc/arm-none-eabi/7.3.1/../../../arm-none-eabi/lib/thumb/v7e-m/fpv4-sp/softfp/libc.a
LOAD /usr/lib/gcc/arm-none-eabi/7.3.1/../../../arm-none-eabi/lib/thumb/v7e-m/fpv4-sp/softfp/libnosys.a
END GROUP
                0x0000000000000000                FLASH_BASE = 0x0
                0x0000000020000000                RAM_BASE = 0x20000000
                0x0000000000100000                NRF52840_FLASH_LENGTH = 0x100000
                0x0000000000040000                NRF52840_RAM_LENGTH = 0x40000
                0x0000000000026000                SOFTDEVICE_FLASH_LENGTH = 0x26000
                0x0000000000004000                SOFTDEVICE_RAM_LENGTH = 0x4000
                0x0000000000003000                NVM_LENGTH = 0x3000
                0x0000000000000000                ORIGIN_SOFTDEVICE_FLASH = FLASH_BASE
                0x0000000000026000                ORIGIN_FLASH = (FLASH_BASE + SOFTDEVICE_FLASH_LENGTH)
                0x00000000000fd000                ORIGIN_NVM = ((FLASH_BASE + NRF52840_FLASH_LENGTH) - NVM_LENGTH)
                0x0000000020000000                ORIGIN_SOFTDEVICE_RAM = RAM_BASE
                0x0000000020004000                ORIGIN_RAM = (RAM_BASE + SOFTDEVICE_RAM_LENGTH)
                0x00000000000fd000                __flash_end__ = (ORIGIN (FLASH) + LENGTH (FLASH))

.softdevice_flash
                0x0000000000000000    0x25de8
 *(SORT_BY_ALIGNMENT(.softdevice*))
 .softdevice    0x0000000000000000    0x25de8 ../../../ei-freertos/build/REL/xenon/obj/thesis/gcc_startup_nrf52840.o

.text.vectors   0x0000000000026000      0x220
 *(SORT_BY_ALIGNMENT(.isr_vector))
 .isr_vector    0x0000000000026000      0x200 ../../../ei-freertos/build/REL/xenon/obj/thesis/gcc_startup_nrf52840.o
                0x0000000000026000                __isr_vector
                0x0000000000026200                __buildinfo_start = .
 *(SORT_BY_ALIGNMENT(.buildinfo))
 .buildinfo     0x0000000000026200       0x20 ../../../ei-freertos/build/REL/xenon/obj/thesis/build_info.o
                0x0000000000026200                xBuildInfo

.text.libraries
                0x0000000000026220     0xe83c
 *libMBEDTLS.a:*(SORT_BY_ALIGNMENT(.text) SORT_BY_ALIGNMENT(.text.*))
 .text.mbedtls_aes_init
                0x0000000000026220        0xc ../../../ei-freertos/build/REL/lib_nrf52/MBEDTLS/aes.o
                0x0000000000026220                mbedtls_aes_init
 .text.mbedtls_aes_setkey_enc
                0x000000000002622c      0x1e0 ../../../ei-freertos/build/REL/lib_nrf52/MBEDTLS/aes.o
                0x000000000002622c                mbedtls_aes_setkey_enc
 .text.mbedtls_aes_setkey_dec
                0x000000000002640c      0x118 ../../../ei-freertos/build/REL/lib_nrf52/MBEDTLS/aes.o
                0x000000000002640c                mbedtls_aes_setkey_dec
 .text.mbedtls_internal_aes_encrypt
                0x0000000000026524      0x480 ../../../ei-freertos/build/REL/lib_nrf52/MBEDTLS/aes.o
                0x0000000000026524                mbedtls_internal_aes_encrypt
 .text.mbedtls_internal_aes_decrypt
                0x00000000000269a4      0x494 ../../../ei-freertos/build/REL/lib_nrf52/MBEDTLS/aes.o
                0x00000000000269a4                mbedtls_internal_aes_decrypt
 .text.mbedtls_aes_crypt_ecb
                0x0000000000026e38       0x1c ../../../ei-freertos/build/REL/lib_nrf52/MBEDTLS/aes.o
                0x0000000000026e38                mbedtls_aes_crypt_ecb
 .text.mbedtls_aes_crypt_cbc
                0x0000000000026e54       0xc8 ../../../ei-freertos/build/REL/lib_nrf52/MBEDTLS/aes.o
                0x0000000000026e54                mbedtls_aes_crypt_cbc
 .text.mbedtls_platform_zeroize
                0x0000000000026f1c       0x14 ../../../ei-freertos/build/REL/lib_nrf52/MBEDTLS/platform_util.o
                0x0000000000026f1c                mbedtls_platform_zeroize
 *libCMSIS.a:*(SORT_BY_ALIGNMENT(.text) SORT_BY_ALIGNMENT(.text.*))
 *libCORE_FREERTOS.a:*(SORT_BY_ALIGNMENT(.text) SORT_BY_ALIGNMENT(.text.*))
 .text.prvCopyDataToQueue
                0x0000000000026f30       0x7c ../../../ei-freertos/build/REL/xenon/lib/CORE_FREERTOS/queue.o
 .text.prvCopyDataFromQueue
                0x0000000000026fac       0x24 ../../../ei-freertos/build/REL/xenon/lib/CORE_FREERTOS/queue.o
 .text.prvUnlockQueue
                0x0000000000026fd0       0x94 ../../../ei-freertos/build/REL/xenon/lib/CORE_FREERTOS/queue.o
 .text.xQueueGenericReset
                0x0000000000027064       0x98 ../../../ei-freertos/build/REL/xenon/lib/CORE_FREERTOS/queue.o
                0x0000000000027064                xQueueGenericReset
 .text.xQueueGenericCreateStatic
                0x00000000000270fc       0xa0 ../../../ei-freertos/build/REL/xenon/lib/CORE_FREERTOS/queue.o
                0x00000000000270fc                xQueueGenericCreateStatic
 .text.xQueueGenericCreate
                0x000000000002719c       0x60 ../../../ei-freertos/build/REL/xenon/lib/CORE_FREERTOS/queue.o
                0x000000000002719c                xQueueGenericCreate
 .text.xQueueCreateCountingSemaphoreStatic
                0x00000000000271fc       0x50 ../../../ei-freertos/build/REL/xenon/lib/CORE_FREERTOS/queue.o
                0x00000000000271fc                xQueueCreateCountingSemaphoreStatic
 .text.xQueueCreateCountingSemaphore
                0x000000000002724c       0x44 ../../../ei-freertos/build/REL/xenon/lib/CORE_FREERTOS/queue.o
                0x000000000002724c                xQueueCreateCountingSemaphore
 .text.xQueueGenericSend
                0x0000000000027290      0x18c ../../../ei-freertos/build/REL/xenon/lib/CORE_FREERTOS/queue.o
                0x0000000000027290                xQueueGenericSend
 .text.xQueueCreateMutexStatic
                0x000000000002741c       0x2c ../../../ei-freertos/build/REL/xenon/lib/CORE_FREERTOS/queue.o
                0x000000000002741c                xQueueCreateMutexStatic
 .text.xQueueGiveMutexRecursive
                0x0000000000027448       0x44 ../../../ei-freertos/build/REL/xenon/lib/CORE_FREERTOS/queue.o
                0x0000000000027448                xQueueGiveMutexRecursive
 .text.xQueueCreateMutex
                0x000000000002748c       0x24 ../../../ei-freertos/build/REL/xenon/lib/CORE_FREERTOS/queue.o
                0x000000000002748c                xQueueCreateMutex
 .text.xQueueGenericSendFromISR
                0x00000000000274b0       0xc0 ../../../ei-freertos/build/REL/xenon/lib/CORE_FREERTOS/queue.o
                0x00000000000274b0                xQueueGenericSendFromISR
 .text.xQueueGiveFromISR
                0x0000000000027570       0xa8 ../../../ei-freertos/build/REL/xenon/lib/CORE_FREERTOS/queue.o
                0x0000000000027570                xQueueGiveFromISR
 .text.xQueueReceive
                0x0000000000027618      0x17c ../../../ei-freertos/build/REL/xenon/lib/CORE_FREERTOS/queue.o
                0x0000000000027618                xQueueReceive
 .text.xQueueSemaphoreTake
                0x0000000000027794      0x1b8 ../../../ei-freertos/build/REL/xenon/lib/CORE_FREERTOS/queue.o
                0x0000000000027794                xQueueSemaphoreTake
 .text.xQueueTakeMutexRecursive
                0x000000000002794c       0x44 ../../../ei-freertos/build/REL/xenon/lib/CORE_FREERTOS/queue.o
                0x000000000002794c                xQueueTakeMutexRecursive
 .text.xQueueReceiveFromISR
                0x0000000000027990       0xa0 ../../../ei-freertos/build/REL/xenon/lib/CORE_FREERTOS/queue.o
                0x0000000000027990                xQueueReceiveFromISR
 .text.uxQueueMessagesWaiting
                0x0000000000027a30       0x34 ../../../ei-freertos/build/REL/xenon/lib/CORE_FREERTOS/queue.o
                0x0000000000027a30                uxQueueMessagesWaiting
 .text.vQueueAddToRegistry
                0x0000000000027a64       0x28 ../../../ei-freertos/build/REL/xenon/lib/CORE_FREERTOS/queue.o
                0x0000000000027a64                vQueueAddToRegistry
 .text.vQueueWaitForMessageRestricted
                0x0000000000027a8c       0x48 ../../../ei-freertos/build/REL/xenon/lib/CORE_FREERTOS/queue.o
                0x0000000000027a8c                vQueueWaitForMessageRestricted
 .text.vListInitialise
                0x0000000000027ad4       0x18 ../../../ei-freertos/build/REL/xenon/lib/CORE_FREERTOS/list.o
                0x0000000000027ad4                vListInitialise
 .text.vListInitialiseItem
                0x0000000000027aec        0x8 ../../../ei-freertos/build/REL/xenon/lib/CORE_FREERTOS/list.o
                0x0000000000027aec                vListInitialiseItem
 .text.vListInsertEnd
                0x0000000000027af4       0x20 ../../../ei-freertos/build/REL/xenon/lib/CORE_FREERTOS/list.o
                0x0000000000027af4                vListInsertEnd
 .text.vListInsert
                0x0000000000027b14       0x34 ../../../ei-freertos/build/REL/xenon/lib/CORE_FREERTOS/list.o
                0x0000000000027b14                vListInsert
 .text.uxListRemove
                0x0000000000027b48       0x28 ../../../ei-freertos/build/REL/xenon/lib/CORE_FREERTOS/list.o
                0x0000000000027b48                uxListRemove
 .text.prvInitialiseNewStreamBuffer
                0x0000000000027b70       0x44 ../../../ei-freertos/build/REL/xenon/lib/CORE_FREERTOS/stream_buffer.o
 .text.prvWriteBytesToBuffer
                0x0000000000027bb4       0x94 ../../../ei-freertos/build/REL/xenon/lib/CORE_FREERTOS/stream_buffer.o
 .text.prvReadBytesFromBuffer
                0x0000000000027c48       0x9c ../../../ei-freertos/build/REL/xenon/lib/CORE_FREERTOS/stream_buffer.o
 .text.xStreamBufferGenericCreate
                0x0000000000027ce4       0x74 ../../../ei-freertos/build/REL/xenon/lib/CORE_FREERTOS/stream_buffer.o
                0x0000000000027ce4                xStreamBufferGenericCreate
 .text.xStreamBufferSpacesAvailable
                0x0000000000027d58       0x30 ../../../ei-freertos/build/REL/xenon/lib/CORE_FREERTOS/stream_buffer.o
                0x0000000000027d58                xStreamBufferSpacesAvailable
 .text.xStreamBufferSend
                0x0000000000027d88      0x158 ../../../ei-freertos/build/REL/xenon/lib/CORE_FREERTOS/stream_buffer.o
                0x0000000000027d88                xStreamBufferSend
 .text.xStreamBufferSendFromISR
                0x0000000000027ee0       0xcc ../../../ei-freertos/build/REL/xenon/lib/CORE_FREERTOS/stream_buffer.o
                0x0000000000027ee0                xStreamBufferSendFromISR
 .text.xStreamBufferReceive
                0x0000000000027fac      0x11c ../../../ei-freertos/build/REL/xenon/lib/CORE_FREERTOS/stream_buffer.o
                0x0000000000027fac                xStreamBufferReceive
 .text.xEventGroupCreate
                0x00000000000280c8       0x1c ../../../ei-freertos/build/REL/xenon/lib/CORE_FREERTOS/event_groups.o
                0x00000000000280c8                xEventGroupCreate
 .text.xEventGroupWaitBits
                0x00000000000280e4      0x11c ../../../ei-freertos/build/REL/xenon/lib/CORE_FREERTOS/event_groups.o
                0x00000000000280e4                xEventGroupWaitBits
 .text.xEventGroupClearBits
                0x0000000000028200       0x44 ../../../ei-freertos/build/REL/xenon/lib/CORE_FREERTOS/event_groups.o
                0x0000000000028200                xEventGroupClearBits
 .text.xEventGroupSetBits
                0x0000000000028244       0x98 ../../../ei-freertos/build/REL/xenon/lib/CORE_FREERTOS/event_groups.o
                0x0000000000028244                xEventGroupSetBits
 .text.prvAddNewTaskToReadyList
                0x00000000000282dc      0x130 ../../../ei-freertos/build/REL/xenon/lib/CORE_FREERTOS/tasks.o
 .text.prvGetExpectedIdleTime
                0x000000000002840c       0x44 ../../../ei-freertos/build/REL/xenon/lib/CORE_FREERTOS/tasks.o
 .text.prvResetNextTaskUnblockTime.part.1
                0x0000000000028450       0x18 ../../../ei-freertos/build/REL/xenon/lib/CORE_FREERTOS/tasks.o
 .text.prvInitialiseNewTask.isra.3
                0x0000000000028468       0x84 ../../../ei-freertos/build/REL/xenon/lib/CORE_FREERTOS/tasks.o
 .text.prvDeleteTCB
                0x00000000000284ec       0x3c ../../../ei-freertos/build/REL/xenon/lib/CORE_FREERTOS/tasks.o
 .text.prvAddCurrentTaskToDelayedList
                0x0000000000028528       0x8c ../../../ei-freertos/build/REL/xenon/lib/CORE_FREERTOS/tasks.o
 .text.vTaskSwitchContext.part.6
                0x00000000000285b4       0x7c ../../../ei-freertos/build/REL/xenon/lib/CORE_FREERTOS/tasks.o
 .text.xTaskCreateStatic
                0x0000000000028630       0xa8 ../../../ei-freertos/build/REL/xenon/lib/CORE_FREERTOS/tasks.o
                0x0000000000028630                xTaskCreateStatic
 .text.xTaskCreate
                0x00000000000286d8       0x68 ../../../ei-freertos/build/REL/xenon/lib/CORE_FREERTOS/tasks.o
                0x00000000000286d8                xTaskCreate
 .text.vTaskPrioritySet
                0x0000000000028740       0xec ../../../ei-freertos/build/REL/xenon/lib/CORE_FREERTOS/tasks.o
                0x0000000000028740                vTaskPrioritySet
 .text.vTaskStartScheduler
                0x000000000002882c       0x80 ../../../ei-freertos/build/REL/xenon/lib/CORE_FREERTOS/tasks.o
                0x000000000002882c                vTaskStartScheduler
 .text.vTaskSuspendAll
                0x00000000000288ac       0x10 ../../../ei-freertos/build/REL/xenon/lib/CORE_FREERTOS/tasks.o
                0x00000000000288ac                vTaskSuspendAll
 .text.xTaskGetTickCount
                0x00000000000288bc        0xc ../../../ei-freertos/build/REL/xenon/lib/CORE_FREERTOS/tasks.o
                0x00000000000288bc                xTaskGetTickCount
 .text.pcTaskGetName
                0x00000000000288c8       0x30 ../../../ei-freertos/build/REL/xenon/lib/CORE_FREERTOS/tasks.o
                0x00000000000288c8                pcTaskGetName
 .text.vTaskStepTick
                0x00000000000288f8       0x34 ../../../ei-freertos/build/REL/xenon/lib/CORE_FREERTOS/tasks.o
                0x00000000000288f8                vTaskStepTick
 .text.xTaskIncrementTick
                0x000000000002892c      0x15c ../../../ei-freertos/build/REL/xenon/lib/CORE_FREERTOS/tasks.o
                0x000000000002892c                xTaskIncrementTick
 .text.xTaskResumeAll
                0x0000000000028a88      0x128 ../../../ei-freertos/build/REL/xenon/lib/CORE_FREERTOS/tasks.o
                0x0000000000028a88                xTaskResumeAll
 .text.vTaskDelay
                0x0000000000028bb0       0x50 ../../../ei-freertos/build/REL/xenon/lib/CORE_FREERTOS/tasks.o
                0x0000000000028bb0                vTaskDelay
 .text.prvIdleTask
                0x0000000000028c00       0xa4 ../../../ei-freertos/build/REL/xenon/lib/CORE_FREERTOS/tasks.o
 .text.vTaskSwitchContext
                0x0000000000028ca4       0x1c ../../../ei-freertos/build/REL/xenon/lib/CORE_FREERTOS/tasks.o
                0x0000000000028ca4                vTaskSwitchContext
 .text.vTaskPlaceOnEventList
                0x0000000000028cc0       0x38 ../../../ei-freertos/build/REL/xenon/lib/CORE_FREERTOS/tasks.o
                0x0000000000028cc0                vTaskPlaceOnEventList
 .text.vTaskPlaceOnUnorderedEventList
                0x0000000000028cf8       0x5c ../../../ei-freertos/build/REL/xenon/lib/CORE_FREERTOS/tasks.o
                0x0000000000028cf8                vTaskPlaceOnUnorderedEventList
 .text.vTaskPlaceOnEventListRestricted
                0x0000000000028d54       0x44 ../../../ei-freertos/build/REL/xenon/lib/CORE_FREERTOS/tasks.o
                0x0000000000028d54                vTaskPlaceOnEventListRestricted
 .text.xTaskRemoveFromEventList
                0x0000000000028d98       0xac ../../../ei-freertos/build/REL/xenon/lib/CORE_FREERTOS/tasks.o
                0x0000000000028d98                xTaskRemoveFromEventList
 .text.vTaskRemoveFromUnorderedEventList
                0x0000000000028e44       0x80 ../../../ei-freertos/build/REL/xenon/lib/CORE_FREERTOS/tasks.o
                0x0000000000028e44                vTaskRemoveFromUnorderedEventList
 .text.vTaskSetTimeOutState
                0x0000000000028ec4       0x3c ../../../ei-freertos/build/REL/xenon/lib/CORE_FREERTOS/tasks.o
                0x0000000000028ec4                vTaskSetTimeOutState
 .text.vTaskInternalSetTimeOutState
                0x0000000000028f00       0x18 ../../../ei-freertos/build/REL/xenon/lib/CORE_FREERTOS/tasks.o
                0x0000000000028f00                vTaskInternalSetTimeOutState
 .text.xTaskCheckForTimeOut
                0x0000000000028f18       0x9c ../../../ei-freertos/build/REL/xenon/lib/CORE_FREERTOS/tasks.o
                0x0000000000028f18                xTaskCheckForTimeOut
 .text.vTaskMissedYield
                0x0000000000028fb4        0xc ../../../ei-freertos/build/REL/xenon/lib/CORE_FREERTOS/tasks.o
                0x0000000000028fb4                vTaskMissedYield
 .text.eTaskConfirmSleepModeStatus
                0x0000000000028fc0       0x34 ../../../ei-freertos/build/REL/xenon/lib/CORE_FREERTOS/tasks.o
                0x0000000000028fc0                eTaskConfirmSleepModeStatus
 .text.xTaskGetCurrentTaskHandle
                0x0000000000028ff4        0xc ../../../ei-freertos/build/REL/xenon/lib/CORE_FREERTOS/tasks.o
                0x0000000000028ff4                xTaskGetCurrentTaskHandle
 .text.xTaskGetSchedulerState
                0x0000000000029000       0x20 ../../../ei-freertos/build/REL/xenon/lib/CORE_FREERTOS/tasks.o
                0x0000000000029000                xTaskGetSchedulerState
 .text.xTaskPriorityInherit
                0x0000000000029020       0xac ../../../ei-freertos/build/REL/xenon/lib/CORE_FREERTOS/tasks.o
                0x0000000000029020                xTaskPriorityInherit
 .text.xTaskPriorityDisinherit
                0x00000000000290cc       0xb8 ../../../ei-freertos/build/REL/xenon/lib/CORE_FREERTOS/tasks.o
                0x00000000000290cc                xTaskPriorityDisinherit
 .text.vTaskPriorityDisinheritAfterTimeout
                0x0000000000029184       0xc4 ../../../ei-freertos/build/REL/xenon/lib/CORE_FREERTOS/tasks.o
                0x0000000000029184                vTaskPriorityDisinheritAfterTimeout
 .text.uxTaskResetEventItemValue
                0x0000000000029248       0x18 ../../../ei-freertos/build/REL/xenon/lib/CORE_FREERTOS/tasks.o
                0x0000000000029248                uxTaskResetEventItemValue
 .text.pvTaskIncrementMutexHeldCount
                0x0000000000029260       0x18 ../../../ei-freertos/build/REL/xenon/lib/CORE_FREERTOS/tasks.o
                0x0000000000029260                pvTaskIncrementMutexHeldCount
 .text.ulTaskNotifyTake
                0x0000000000029278       0x6c ../../../ei-freertos/build/REL/xenon/lib/CORE_FREERTOS/tasks.o
                0x0000000000029278                ulTaskNotifyTake
 .text.xTaskNotifyWait
                0x00000000000292e4       0x90 ../../../ei-freertos/build/REL/xenon/lib/CORE_FREERTOS/tasks.o
                0x00000000000292e4                xTaskNotifyWait
 .text.xTaskGenericNotify
                0x0000000000029374      0x10c ../../../ei-freertos/build/REL/xenon/lib/CORE_FREERTOS/tasks.o
                0x0000000000029374                xTaskGenericNotify
 .text.xTaskGenericNotifyFromISR
                0x0000000000029480      0x120 ../../../ei-freertos/build/REL/xenon/lib/CORE_FREERTOS/tasks.o
                0x0000000000029480                xTaskGenericNotifyFromISR
 .text.vTaskNotifyGiveFromISR
                0x00000000000295a0       0xd4 ../../../ei-freertos/build/REL/xenon/lib/CORE_FREERTOS/tasks.o
                0x00000000000295a0                vTaskNotifyGiveFromISR
 .text.xTaskNotifyStateClear
                0x0000000000029674       0x30 ../../../ei-freertos/build/REL/xenon/lib/CORE_FREERTOS/tasks.o
                0x0000000000029674                xTaskNotifyStateClear
 .text.prvCheckForValidListAndQueue
                0x00000000000296a4       0x74 ../../../ei-freertos/build/REL/xenon/lib/CORE_FREERTOS/timers.o
 .text.prvInsertTimerInActiveList
                0x0000000000029718       0x44 ../../../ei-freertos/build/REL/xenon/lib/CORE_FREERTOS/timers.o
 .text.prvInitialiseNewTimer
                0x000000000002975c       0x50 ../../../ei-freertos/build/REL/xenon/lib/CORE_FREERTOS/timers.o
 .text.xTimerCreateTimerTask
                0x00000000000297ac       0x6c ../../../ei-freertos/build/REL/xenon/lib/CORE_FREERTOS/timers.o
                0x00000000000297ac                xTimerCreateTimerTask
 .text.xTimerCreate
                0x0000000000029818       0x3c ../../../ei-freertos/build/REL/xenon/lib/CORE_FREERTOS/timers.o
                0x0000000000029818                xTimerCreate
 .text.xTimerGenericCommand
                0x0000000000029854       0x74 ../../../ei-freertos/build/REL/xenon/lib/CORE_FREERTOS/timers.o
                0x0000000000029854                xTimerGenericCommand
 .text.prvSwitchTimerLists
                0x00000000000298c8       0x8c ../../../ei-freertos/build/REL/xenon/lib/CORE_FREERTOS/timers.o
 .text.prvTimerTask
                0x0000000000029954      0x214 ../../../ei-freertos/build/REL/xenon/lib/CORE_FREERTOS/timers.o
 .text.xTimerGetExpiryTime
                0x0000000000029b68       0x20 ../../../ei-freertos/build/REL/xenon/lib/CORE_FREERTOS/timers.o
                0x0000000000029b68                xTimerGetExpiryTime
 .text.xTimerIsTimerActive
                0x0000000000029b88       0x30 ../../../ei-freertos/build/REL/xenon/lib/CORE_FREERTOS/timers.o
                0x0000000000029b88                xTimerIsTimerActive
 .text.pvTimerGetTimerID
                0x0000000000029bb8       0x34 ../../../ei-freertos/build/REL/xenon/lib/CORE_FREERTOS/timers.o
                0x0000000000029bb8                pvTimerGetTimerID
 .text.prvTaskExitError
                0x0000000000029bec       0x28 ../../../ei-freertos/build/REL/xenon/lib/CORE_FREERTOS/port_cmsis.o
 .text.pxPortInitialiseStack
                0x0000000000029c14       0x2c ../../../ei-freertos/build/REL/xenon/lib/CORE_FREERTOS/port_cmsis.o
                0x0000000000029c14                pxPortInitialiseStack
 .text.xPortStartScheduler
                0x0000000000029c40       0xc8 ../../../ei-freertos/build/REL/xenon/lib/CORE_FREERTOS/port_cmsis.o
                0x0000000000029c40                xPortStartScheduler
 .text.vPortEnterCritical
                0x0000000000029d08       0x3c ../../../ei-freertos/build/REL/xenon/lib/CORE_FREERTOS/port_cmsis.o
                0x0000000000029d08                vPortEnterCritical
 .text.vPortExitCritical
                0x0000000000029d44       0x30 ../../../ei-freertos/build/REL/xenon/lib/CORE_FREERTOS/port_cmsis.o
                0x0000000000029d44                vPortExitCritical
 .text.vPortValidateInterruptPriority
                0x0000000000029d74       0x64 ../../../ei-freertos/build/REL/xenon/lib/CORE_FREERTOS/port_cmsis.o
                0x0000000000029d74                vPortValidateInterruptPriority
 .text.vPortStartFirstTask
                0x0000000000029dd8       0x24 ../../../ei-freertos/build/REL/xenon/lib/CORE_FREERTOS/port.o
                0x0000000000029dd8                vPortStartFirstTask
 .text.SVC_Handler
                0x0000000000029dfc       0x20 ../../../ei-freertos/build/REL/xenon/lib/CORE_FREERTOS/port.o
                0x0000000000029dfc                SVC_Handler
 .text.PendSV_Handler
                0x0000000000029e1c       0x60 ../../../ei-freertos/build/REL/xenon/lib/CORE_FREERTOS/port.o
                0x0000000000029e1c                PendSV_Handler
 .text.RTC1_IRQHandler
                0x0000000000029e7c       0x80 ../../../ei-freertos/build/REL/xenon/lib/CORE_FREERTOS/port_cmsis_systick.o
                0x0000000000029e7c                RTC1_IRQHandler
 .text.vPortSetupTimerInterrupt
                0x0000000000029efc       0x3c ../../../ei-freertos/build/REL/xenon/lib/CORE_FREERTOS/port_cmsis_systick.o
                0x0000000000029efc                vPortSetupTimerInterrupt
 .text.vPortSuppressTicksAndSleep
                0x0000000000029f38      0x108 ../../../ei-freertos/build/REL/xenon/lib/CORE_FREERTOS/port_cmsis_systick.o
                0x0000000000029f38                vPortSuppressTicksAndSleep
 *libNRF_SDK.a:*(SORT_BY_ALIGNMENT(.text) SORT_BY_ALIGNMENT(.text.*))
 .text.vCrcInit
                0x000000000002a040       0x18 ../../../ei-freertos/build/REL/xenon/lib/NRF_SDK/crc.o
                0x000000000002a040                vCrcInit
 .text.SystemInit
                0x000000000002a058      0x324 ../../../ei-freertos/build/REL/xenon/lib/NRF_SDK/system_nrf52.o
                0x000000000002a058                SystemInit
 .text.nrfx_gpiote_init
                0x000000000002a37c       0x90 ../../../ei-freertos/build/REL/xenon/lib/NRF_SDK/nrfx_gpiote.o
                0x000000000002a37c                nrfx_gpiote_init
 .text.nrfx_gpiote_in_init
                0x000000000002a40c      0x130 ../../../ei-freertos/build/REL/xenon/lib/NRF_SDK/nrfx_gpiote.o
                0x000000000002a40c                nrfx_gpiote_in_init
 .text.nrfx_gpiote_in_event_enable
                0x000000000002a53c       0xf4 ../../../ei-freertos/build/REL/xenon/lib/NRF_SDK/nrfx_gpiote.o
                0x000000000002a53c                nrfx_gpiote_in_event_enable
 .text.nrfx_gpiote_in_event_disable
                0x000000000002a630       0x74 ../../../ei-freertos/build/REL/xenon/lib/NRF_SDK/nrfx_gpiote.o
                0x000000000002a630                nrfx_gpiote_in_event_disable
 .text.nrfx_gpiote_in_event_addr_get
                0x000000000002a6a4       0x2c ../../../ei-freertos/build/REL/xenon/lib/NRF_SDK/nrfx_gpiote.o
                0x000000000002a6a4                nrfx_gpiote_in_event_addr_get
 .text.GPIOTE_IRQHandler
                0x000000000002a6d0      0x1d4 ../../../ei-freertos/build/REL/xenon/lib/NRF_SDK/nrfx_gpiote.o
                0x000000000002a6d0                GPIOTE_IRQHandler
 .text.nrfx_ppi_channel_alloc
                0x000000000002a8a4       0x78 ../../../ei-freertos/build/REL/xenon/lib/NRF_SDK/nrfx_ppi.o
                0x000000000002a8a4                nrfx_ppi_channel_alloc
 .text.nrfx_ppi_channel_assign
                0x000000000002a91c       0x4c ../../../ei-freertos/build/REL/xenon/lib/NRF_SDK/nrfx_ppi.o
                0x000000000002a91c                nrfx_ppi_channel_assign
 .text.nrfx_ppi_channel_fork_assign
                0x000000000002a968       0x28 ../../../ei-freertos/build/REL/xenon/lib/NRF_SDK/nrfx_ppi.o
                0x000000000002a968                nrfx_ppi_channel_fork_assign
 .text.nrfx_ppi_channel_enable
                0x000000000002a990       0x30 ../../../ei-freertos/build/REL/xenon/lib/NRF_SDK/nrfx_ppi.o
                0x000000000002a990                nrfx_ppi_channel_enable
 .text.nrfx_ppi_channel_disable
                0x000000000002a9c0       0x30 ../../../ei-freertos/build/REL/xenon/lib/NRF_SDK/nrfx_ppi.o
                0x000000000002a9c0                nrfx_ppi_channel_disable
 .text.nrfx_saadc_channel_uninit.part.0
                0x000000000002a9f0       0x80 ../../../ei-freertos/build/REL/xenon/lib/NRF_SDK/nrfx_saadc.o
 .text.SAADC_IRQHandler
                0x000000000002aa70      0x1e8 ../../../ei-freertos/build/REL/xenon/lib/NRF_SDK/nrfx_saadc.o
                0x000000000002aa70                SAADC_IRQHandler
 .text.nrfx_saadc_init
                0x000000000002ac58       0xac ../../../ei-freertos/build/REL/xenon/lib/NRF_SDK/nrfx_saadc.o
                0x000000000002ac58                nrfx_saadc_init
 .text.nrfx_saadc_uninit
                0x000000000002ad04       0x84 ../../../ei-freertos/build/REL/xenon/lib/NRF_SDK/nrfx_saadc.o
                0x000000000002ad04                nrfx_saadc_uninit
 .text.nrfx_saadc_channel_init
                0x000000000002ad88       0xd8 ../../../ei-freertos/build/REL/xenon/lib/NRF_SDK/nrfx_saadc.o
                0x000000000002ad88                nrfx_saadc_channel_init
 .text.nrfx_saadc_buffer_convert
                0x000000000002ae60       0xc4 ../../../ei-freertos/build/REL/xenon/lib/NRF_SDK/nrfx_saadc.o
                0x000000000002ae60                nrfx_saadc_buffer_convert
 .text.nrfx_saadc_sample
                0x000000000002af24       0x30 ../../../ei-freertos/build/REL/xenon/lib/NRF_SDK/nrfx_saadc.o
                0x000000000002af24                nrfx_saadc_sample
 .text.nrfx_wdt_init
                0x000000000002af54       0x60 ../../../ei-freertos/build/REL/xenon/lib/NRF_SDK/nrfx_wdt.o
                0x000000000002af54                nrfx_wdt_init
 .text.nrfx_wdt_enable
                0x000000000002afb4       0x1c ../../../ei-freertos/build/REL/xenon/lib/NRF_SDK/nrfx_wdt.o
                0x000000000002afb4                nrfx_wdt_enable
 .text.nrfx_wdt_channel_alloc
                0x000000000002afd0       0x58 ../../../ei-freertos/build/REL/xenon/lib/NRF_SDK/nrfx_wdt.o
                0x000000000002afd0                nrfx_wdt_channel_alloc
 .text.nrfx_wdt_channel_feed
                0x000000000002b028       0x18 ../../../ei-freertos/build/REL/xenon/lib/NRF_SDK/nrfx_wdt.o
                0x000000000002b028                nrfx_wdt_channel_feed
 .text.sd_clock_hfclk_request
                0x000000000002b040        0x4 ../../../ei-freertos/build/REL/xenon/lib/NRF_SDK/nrf_drv_clock.o
 .text.sd_clock_hfclk_release
                0x000000000002b044        0x4 ../../../ei-freertos/build/REL/xenon/lib/NRF_SDK/nrf_drv_clock.o
 .text.clock_irq_handler
                0x000000000002b048       0x44 ../../../ei-freertos/build/REL/xenon/lib/NRF_SDK/nrf_drv_clock.o
 .text.nrf_drv_clock_init.part.2
                0x000000000002b08c       0x38 ../../../ei-freertos/build/REL/xenon/lib/NRF_SDK/nrf_drv_clock.o
 .text.nrf_drv_clock_init
                0x000000000002b0c4       0x14 ../../../ei-freertos/build/REL/xenon/lib/NRF_SDK/nrf_drv_clock.o
                0x000000000002b0c4                nrf_drv_clock_init
 .text.nrf_drv_clock_hfclk_request
                0x000000000002b0d8       0x78 ../../../ei-freertos/build/REL/xenon/lib/NRF_SDK/nrf_drv_clock.o
                0x000000000002b0d8                nrf_drv_clock_hfclk_request
 .text.nrf_drv_clock_hfclk_release
                0x000000000002b150       0x58 ../../../ei-freertos/build/REL/xenon/lib/NRF_SDK/nrf_drv_clock.o
                0x000000000002b150                nrf_drv_clock_hfclk_release
 .text.sd_flash_write
                0x000000000002b1a8        0x4 ../../../ei-freertos/build/REL/xenon/lib/NRF_SDK/nrf_fstorage_sd.o
 .text.sd_flash_page_erase
                0x000000000002b1ac        0x4 ../../../ei-freertos/build/REL/xenon/lib/NRF_SDK/nrf_fstorage_sd.o
 .text.event_send
                0x000000000002b1b0       0x58 ../../../ei-freertos/build/REL/xenon/lib/NRF_SDK/nrf_fstorage_sd.o
 .text.rmap     0x000000000002b208        0x4 ../../../ei-freertos/build/REL/xenon/lib/NRF_SDK/nrf_fstorage_sd.o
 .text.wmap     0x000000000002b20c        0x4 ../../../ei-freertos/build/REL/xenon/lib/NRF_SDK/nrf_fstorage_sd.o
 .text.is_busy  0x000000000002b210       0x10 ../../../ei-freertos/build/REL/xenon/lib/NRF_SDK/nrf_fstorage_sd.o
 .text.read     0x000000000002b220       0x10 ../../../ei-freertos/build/REL/xenon/lib/NRF_SDK/nrf_fstorage_sd.o
 .text.uninit   0x000000000002b230       0x24 ../../../ei-freertos/build/REL/xenon/lib/NRF_SDK/nrf_fstorage_sd.o
 .text.init     0x000000000002b254       0x38 ../../../ei-freertos/build/REL/xenon/lib/NRF_SDK/nrf_fstorage_sd.o
 .text.queue_process
                0x000000000002b28c       0xa8 ../../../ei-freertos/build/REL/xenon/lib/NRF_SDK/nrf_fstorage_sd.o
 .text.nrf_fstorage_sys_evt_handler.part.2
                0x000000000002b334       0xa0 ../../../ei-freertos/build/REL/xenon/lib/NRF_SDK/nrf_fstorage_sd.o
 .text.nrf_fstorage_sys_evt_handler
                0x000000000002b3d4        0xc ../../../ei-freertos/build/REL/xenon/lib/NRF_SDK/nrf_fstorage_sd.o
                0x000000000002b3d4                nrf_fstorage_sys_evt_handler
 .text.nrf_fstorage_sdh_state_handler
                0x000000000002b3e0       0x24 ../../../ei-freertos/build/REL/xenon/lib/NRF_SDK/nrf_fstorage_sd.o
                0x000000000002b3e0                nrf_fstorage_sdh_state_handler
 .text.queue_start
                0x000000000002b404       0x20 ../../../ei-freertos/build/REL/xenon/lib/NRF_SDK/nrf_fstorage_sd.o
 .text.erase    0x000000000002b424       0x54 ../../../ei-freertos/build/REL/xenon/lib/NRF_SDK/nrf_fstorage_sd.o
 .text.write    0x000000000002b478       0x50 ../../../ei-freertos/build/REL/xenon/lib/NRF_SDK/nrf_fstorage_sd.o
 .text.app_util_critical_region_enter
                0x000000000002b4c8       0x4c ../../../ei-freertos/build/REL/xenon/lib/NRF_SDK/app_util_platform.o
                0x000000000002b4c8                app_util_critical_region_enter
 .text.app_util_critical_region_exit
                0x000000000002b514       0x30 ../../../ei-freertos/build/REL/xenon/lib/NRF_SDK/app_util_platform.o
                0x000000000002b514                app_util_critical_region_exit
 .text.nrf_atomic_u32_fetch_store
                0x000000000002b544       0x14 ../../../ei-freertos/build/REL/xenon/lib/NRF_SDK/nrf_atomic.o
                0x000000000002b544                nrf_atomic_u32_fetch_store
 .text.nrf_atomic_u32_fetch_add
                0x000000000002b558       0x18 ../../../ei-freertos/build/REL/xenon/lib/NRF_SDK/nrf_atomic.o
                0x000000000002b558                nrf_atomic_u32_fetch_add
 .text.nrf_atomic_u32_add
                0x000000000002b570       0x18 ../../../ei-freertos/build/REL/xenon/lib/NRF_SDK/nrf_atomic.o
                0x000000000002b570                nrf_atomic_u32_add
 .text.nrf_atomic_u32_sub
                0x000000000002b588       0x18 ../../../ei-freertos/build/REL/xenon/lib/NRF_SDK/nrf_atomic.o
                0x000000000002b588                nrf_atomic_u32_sub
 .text.nrf_atomic_u32_sub_hs
                0x000000000002b5a0       0x1c ../../../ei-freertos/build/REL/xenon/lib/NRF_SDK/nrf_atomic.o
                0x000000000002b5a0                nrf_atomic_u32_sub_hs
 .text.nrf_atomic_flag_set_fetch
                0x000000000002b5bc       0x18 ../../../ei-freertos/build/REL/xenon/lib/NRF_SDK/nrf_atomic.o
                0x000000000002b5bc                nrf_atomic_flag_set_fetch
 .text.nrf_atomic_flag_clear_fetch
                0x000000000002b5d4       0x18 ../../../ei-freertos/build/REL/xenon/lib/NRF_SDK/nrf_atomic.o
                0x000000000002b5d4                nrf_atomic_flag_clear_fetch
 .text.nrf_atfifo_wspace_req
                0x000000000002b5ec       0x54 ../../../ei-freertos/build/REL/xenon/lib/NRF_SDK/nrf_atfifo.o
 .text.nrf_atfifo_rspace_req
                0x000000000002b640       0x58 ../../../ei-freertos/build/REL/xenon/lib/NRF_SDK/nrf_atfifo.o
 .text.nrf_atfifo_init
                0x000000000002b698       0x30 ../../../ei-freertos/build/REL/xenon/lib/NRF_SDK/nrf_atfifo.o
                0x000000000002b698                nrf_atfifo_init
 .text.nrf_atfifo_clear
                0x000000000002b6c8       0x44 ../../../ei-freertos/build/REL/xenon/lib/NRF_SDK/nrf_atfifo.o
                0x000000000002b6c8                nrf_atfifo_clear
 .text.nrf_atfifo_item_alloc
                0x000000000002b70c       0x14 ../../../ei-freertos/build/REL/xenon/lib/NRF_SDK/nrf_atfifo.o
                0x000000000002b70c                nrf_atfifo_item_alloc
 .text.nrf_atfifo_item_put
                0x000000000002b720       0x20 ../../../ei-freertos/build/REL/xenon/lib/NRF_SDK/nrf_atfifo.o
                0x000000000002b720                nrf_atfifo_item_put
 .text.nrf_atfifo_item_get
                0x000000000002b740       0x14 ../../../ei-freertos/build/REL/xenon/lib/NRF_SDK/nrf_atfifo.o
                0x000000000002b740                nrf_atfifo_item_get
 .text.nrf_atfifo_item_free
                0x000000000002b754       0x20 ../../../ei-freertos/build/REL/xenon/lib/NRF_SDK/nrf_atfifo.o
                0x000000000002b754                nrf_atfifo_item_free
 .text.write_space_reserve
                0x000000000002b774       0x64 ../../../ei-freertos/build/REL/xenon/lib/NRF_SDK/fds.o
 .text.gc_record_copy
                0x000000000002b7d8       0x38 ../../../ei-freertos/build/REL/xenon/lib/NRF_SDK/fds.o
 .text.queue_buf_get
                0x000000000002b810       0x20 ../../../ei-freertos/build/REL/xenon/lib/NRF_SDK/fds.o
 .text.record_find_next
                0x000000000002b830       0x78 ../../../ei-freertos/build/REL/xenon/lib/NRF_SDK/fds.o
 .text.record_find_by_desc
                0x000000000002b8a8       0xac ../../../ei-freertos/build/REL/xenon/lib/NRF_SDK/fds.o
 .text.record_find.part.4
                0x000000000002b954       0x78 ../../../ei-freertos/build/REL/xenon/lib/NRF_SDK/fds.o
 .text.gc_page_erase
                0x000000000002b9cc       0x4c ../../../ei-freertos/build/REL/xenon/lib/NRF_SDK/fds.o
 .text.gc_record_find_next
                0x000000000002ba18       0x24 ../../../ei-freertos/build/REL/xenon/lib/NRF_SDK/fds.o
 .text.queue_process
                0x000000000002ba3c      0x720 ../../../ei-freertos/build/REL/xenon/lib/NRF_SDK/fds.o
 .text.fs_event_handler
                0x000000000002c15c        0x8 ../../../ei-freertos/build/REL/xenon/lib/NRF_SDK/fds.o
 .text.queue_start
                0x000000000002c164       0x1c ../../../ei-freertos/build/REL/xenon/lib/NRF_SDK/fds.o
 .text.write_enqueue
                0x000000000002c180      0x120 ../../../ei-freertos/build/REL/xenon/lib/NRF_SDK/fds.o
 .text.page_scan
                0x000000000002c2a0       0x7c ../../../ei-freertos/build/REL/xenon/lib/NRF_SDK/fds.o
 .text.fds_register
                0x000000000002c31c       0x2c ../../../ei-freertos/build/REL/xenon/lib/NRF_SDK/fds.o
                0x000000000002c31c                fds_register
 .text.fds_init
                0x000000000002c348      0x288 ../../../ei-freertos/build/REL/xenon/lib/NRF_SDK/fds.o
                0x000000000002c348                fds_init
 .text.fds_record_open
                0x000000000002c5d0       0x50 ../../../ei-freertos/build/REL/xenon/lib/NRF_SDK/fds.o
                0x000000000002c5d0                fds_record_open
 .text.fds_record_close
                0x000000000002c620       0x4c ../../../ei-freertos/build/REL/xenon/lib/NRF_SDK/fds.o
                0x000000000002c620                fds_record_close
 .text.fds_record_write
                0x000000000002c66c        0x8 ../../../ei-freertos/build/REL/xenon/lib/NRF_SDK/fds.o
                0x000000000002c66c                fds_record_write
 .text.fds_record_update
                0x000000000002c674       0x10 ../../../ei-freertos/build/REL/xenon/lib/NRF_SDK/fds.o
                0x000000000002c674                fds_record_update
 .text.fds_record_delete
                0x000000000002c684       0x4c ../../../ei-freertos/build/REL/xenon/lib/NRF_SDK/fds.o
                0x000000000002c684                fds_record_delete
 .text.fds_file_delete
                0x000000000002c6d0       0x50 ../../../ei-freertos/build/REL/xenon/lib/NRF_SDK/fds.o
                0x000000000002c6d0                fds_file_delete
 .text.fds_gc   0x000000000002c720       0x50 ../../../ei-freertos/build/REL/xenon/lib/NRF_SDK/fds.o
                0x000000000002c720                fds_gc
 .text.fds_record_find
                0x000000000002c770       0x34 ../../../ei-freertos/build/REL/xenon/lib/NRF_SDK/fds.o
                0x000000000002c770                fds_record_find
 .text.fds_stat
                0x000000000002c7a4      0x140 ../../../ei-freertos/build/REL/xenon/lib/NRF_SDK/fds.o
                0x000000000002c7a4                fds_stat
 .text.nrfx_clock_init
                0x000000000002c8e4       0x1c ../../../ei-freertos/build/REL/xenon/lib/NRF_SDK/nrfx_clock.o
                0x000000000002c8e4                nrfx_clock_init
 .text.nrfx_clock_enable
                0x000000000002c900       0x30 ../../../ei-freertos/build/REL/xenon/lib/NRF_SDK/nrfx_clock.o
                0x000000000002c900                nrfx_clock_enable
 .text.nrfx_clock_lfclk_start
                0x000000000002c930       0x30 ../../../ei-freertos/build/REL/xenon/lib/NRF_SDK/nrfx_clock.o
                0x000000000002c930                nrfx_clock_lfclk_start
 .text.nrfx_clock_hfclk_start
                0x000000000002c960       0x24 ../../../ei-freertos/build/REL/xenon/lib/NRF_SDK/nrfx_clock.o
                0x000000000002c960                nrfx_clock_hfclk_start
 .text.nrfx_clock_hfclk_stop
                0x000000000002c984       0x28 ../../../ei-freertos/build/REL/xenon/lib/NRF_SDK/nrfx_clock.o
                0x000000000002c984                nrfx_clock_hfclk_stop
 .text.nrfx_clock_irq_handler
                0x000000000002c9ac       0x64 ../../../ei-freertos/build/REL/xenon/lib/NRF_SDK/nrfx_clock.o
                0x000000000002c9ac                nrfx_clock_irq_handler
 .text.nrfx_power_usb_handler_get
                0x000000000002ca10        0xc ../../../ei-freertos/build/REL/xenon/lib/NRF_SDK/nrfx_power.o
                0x000000000002ca10                nrfx_power_usb_handler_get
 .text.nrfx_power_init
                0x000000000002ca1c       0x50 ../../../ei-freertos/build/REL/xenon/lib/NRF_SDK/nrfx_power.o
                0x000000000002ca1c                nrfx_power_init
 .text.nrfx_power_usbevt_init
                0x000000000002ca6c       0x14 ../../../ei-freertos/build/REL/xenon/lib/NRF_SDK/nrfx_power.o
                0x000000000002ca6c                nrfx_power_usbevt_init
 .text.nrfx_power_usbevt_enable
                0x000000000002ca80       0x10 ../../../ei-freertos/build/REL/xenon/lib/NRF_SDK/nrfx_power.o
                0x000000000002ca80                nrfx_power_usbevt_enable
 .text.nrfx_power_usbevt_disable
                0x000000000002ca90       0x10 ../../../ei-freertos/build/REL/xenon/lib/NRF_SDK/nrfx_power.o
                0x000000000002ca90                nrfx_power_usbevt_disable
 .text.nrfx_power_usbevt_uninit
                0x000000000002caa0        0xc ../../../ei-freertos/build/REL/xenon/lib/NRF_SDK/nrfx_power.o
                0x000000000002caa0                nrfx_power_usbevt_uninit
 .text.nrfx_power_irq_handler
                0x000000000002caac       0xec ../../../ei-freertos/build/REL/xenon/lib/NRF_SDK/nrfx_power.o
                0x000000000002caac                nrfx_power_irq_handler
 .text.POWER_CLOCK_IRQHandler
                0x000000000002cb98       0x10 ../../../ei-freertos/build/REL/xenon/lib/NRF_SDK/nrfx_power.o
                0x000000000002cb98                POWER_CLOCK_IRQHandler
 .text.nrf_fstorage_init
                0x000000000002cba8       0x10 ../../../ei-freertos/build/REL/xenon/lib/NRF_SDK/nrf_fstorage.o
                0x000000000002cba8                nrf_fstorage_init
 .text.nrf_fstorage_write
                0x000000000002cbb8       0x68 ../../../ei-freertos/build/REL/xenon/lib/NRF_SDK/nrf_fstorage.o
                0x000000000002cbb8                nrf_fstorage_write
 .text.nrf_fstorage_erase
                0x000000000002cc20       0x4c ../../../ei-freertos/build/REL/xenon/lib/NRF_SDK/nrf_fstorage.o
                0x000000000002cc20                nrf_fstorage_erase
 .text.nrfx_systick_delay_us
                0x000000000002cc6c       0x30 ../../../ei-freertos/build/REL/xenon/lib/NRF_SDK/nrfx_systick.o
                0x000000000002cc6c                nrfx_systick_delay_us
 .text.nrfx_atomic_u32_fetch_and
                0x000000000002cc9c       0x18 ../../../ei-freertos/build/REL/xenon/lib/NRF_SDK/nrfx_atomic.o
                0x000000000002cc9c                nrfx_atomic_u32_fetch_and
 .text.sd_power_usbpwrrdy_enable
                0x000000000002ccb4        0x4 ../../../ei-freertos/build/REL/xenon/lib/NRF_SDK/nrf_drv_power.o
 .text.sd_power_usbdetected_enable
                0x000000000002ccb8        0x4 ../../../ei-freertos/build/REL/xenon/lib/NRF_SDK/nrf_drv_power.o
 .text.sd_power_usbremoved_enable
                0x000000000002ccbc        0x4 ../../../ei-freertos/build/REL/xenon/lib/NRF_SDK/nrf_drv_power.o
 .text.sd_power_usbregstatus_get
                0x000000000002ccc0        0x4 ../../../ei-freertos/build/REL/xenon/lib/NRF_SDK/nrf_drv_power.o
 .text.nrf_drv_power_sd_usbevt_enable
                0x000000000002ccc4       0x20 ../../../ei-freertos/build/REL/xenon/lib/NRF_SDK/nrf_drv_power.o
 .text.nrf_drv_power_init
                0x000000000002cce4       0x34 ../../../ei-freertos/build/REL/xenon/lib/NRF_SDK/nrf_drv_power.o
                0x000000000002cce4                nrf_drv_power_init
 .text.nrf_drv_power_usbevt_uninit
                0x000000000002cd18       0x34 ../../../ei-freertos/build/REL/xenon/lib/NRF_SDK/nrf_drv_power.o
                0x000000000002cd18                nrf_drv_power_usbevt_uninit
 .text.nrf_drv_power_usbevt_init
                0x000000000002cd4c       0x50 ../../../ei-freertos/build/REL/xenon/lib/NRF_SDK/nrf_drv_power.o
                0x000000000002cd4c                nrf_drv_power_usbevt_init
 *libgcc.a:*(SORT_BY_ALIGNMENT(.text) SORT_BY_ALIGNMENT(.text.*))
 .text          0x000000000002cd9c      0x378 /usr/lib/gcc/arm-none-eabi/7.3.1/thumb/v7e-m/fpv4-sp/softfp/libgcc.a(_arm_addsubdf3.o)
                0x000000000002cd9c                __aeabi_drsub
                0x000000000002cda4                __aeabi_dsub
                0x000000000002cda4                __subdf3
                0x000000000002cda8                __adddf3
                0x000000000002cda8                __aeabi_dadd
                0x000000000002d020                __aeabi_ui2d
                0x000000000002d020                __floatunsidf
                0x000000000002d040                __floatsidf
                0x000000000002d040                __aeabi_i2d
                0x000000000002d064                __extendsfdf2
                0x000000000002d064                __aeabi_f2d
                0x000000000002d0a8                __aeabi_ul2d
                0x000000000002d0a8                __floatundidf
                0x000000000002d0b8                __floatdidf
                0x000000000002d0b8                __aeabi_l2d
 .text          0x000000000002d114      0x424 /usr/lib/gcc/arm-none-eabi/7.3.1/thumb/v7e-m/fpv4-sp/softfp/libgcc.a(_arm_muldivdf3.o)
                0x000000000002d114                __aeabi_dmul
                0x000000000002d114                __muldf3
                0x000000000002d368                __aeabi_ddiv
                0x000000000002d368                __divdf3
 .text          0x000000000002d538      0x110 /usr/lib/gcc/arm-none-eabi/7.3.1/thumb/v7e-m/fpv4-sp/softfp/libgcc.a(_arm_cmpdf2.o)
                0x000000000002d538                __gtdf2
                0x000000000002d538                __gedf2
                0x000000000002d540                __ltdf2
                0x000000000002d540                __ledf2
                0x000000000002d548                __cmpdf2
                0x000000000002d548                __eqdf2
                0x000000000002d548                __nedf2
                0x000000000002d5c4                __aeabi_cdrcmple
                0x000000000002d5d4                __aeabi_cdcmple
                0x000000000002d5d4                __aeabi_cdcmpeq
                0x000000000002d5e4                __aeabi_dcmpeq
                0x000000000002d5f8                __aeabi_dcmplt
                0x000000000002d60c                __aeabi_dcmple
                0x000000000002d620                __aeabi_dcmpge
                0x000000000002d634                __aeabi_dcmpgt
 .text          0x000000000002d648       0x50 /usr/lib/gcc/arm-none-eabi/7.3.1/thumb/v7e-m/fpv4-sp/softfp/libgcc.a(_arm_fixdfsi.o)
                0x000000000002d648                __fixdfsi
                0x000000000002d648                __aeabi_d2iz
 .text          0x000000000002d698       0x40 /usr/lib/gcc/arm-none-eabi/7.3.1/thumb/v7e-m/fpv4-sp/softfp/libgcc.a(_arm_fixunsdfsi.o)
                0x000000000002d698                __fixunsdfsi
                0x000000000002d698                __aeabi_d2uiz
 .text          0x000000000002d6d8       0x30 /usr/lib/gcc/arm-none-eabi/7.3.1/thumb/v7e-m/fpv4-sp/softfp/libgcc.a(_aeabi_uldivmod.o)
                0x000000000002d6d8                __aeabi_uldivmod
 .text          0x000000000002d708       0x28 /usr/lib/gcc/arm-none-eabi/7.3.1/thumb/v7e-m/fpv4-sp/softfp/libgcc.a(_popcountsi2.o)
                0x000000000002d708                __popcountsi2
 .text          0x000000000002d730      0x2cc /usr/lib/gcc/arm-none-eabi/7.3.1/thumb/v7e-m/fpv4-sp/softfp/libgcc.a(_udivmoddi4.o)
                0x000000000002d730                __udivmoddi4
 .text          0x000000000002d9fc        0x4 /usr/lib/gcc/arm-none-eabi/7.3.1/thumb/v7e-m/fpv4-sp/softfp/libgcc.a(_dvmd_tls.o)
                0x000000000002d9fc                __aeabi_ldiv0
                0x000000000002d9fc                __aeabi_idiv0
 .text          0x000000000002da00       0x2c /usr/lib/gcc/arm-none-eabi/7.3.1/thumb/v7e-m/fpv4-sp/softfp/libgcc.a(_arm_unorddf2.o)
                0x000000000002da00                __aeabi_dcmpun
                0x000000000002da00                __unorddf2
 *libg.a:*(SORT_BY_ALIGNMENT(.text) SORT_BY_ALIGNMENT(.text.*))
 *libCORE_ARCH.a:*(SORT_BY_ALIGNMENT(.text) SORT_BY_ALIGNMENT(.text.*))
 *fill*         0x000000000002da2c        0x4 
 .text._vsnprintf
                0x000000000002da30      0xa78 ../../../ei-freertos/build/REL/lib_nrf52/CORE_ARCH/tiny_printf.o
 .text._out_buffer
                0x000000000002e4a8        0x8 ../../../ei-freertos/build/REL/lib_nrf52/CORE_ARCH/tiny_printf.o
 .text._out_null
                0x000000000002e4b0        0x4 ../../../ei-freertos/build/REL/lib_nrf52/CORE_ARCH/tiny_printf.o
 .text._ntoa_format
                0x000000000002e4b4      0x1f4 ../../../ei-freertos/build/REL/lib_nrf52/CORE_ARCH/tiny_printf.o
 .text._ntoa_long
                0x000000000002e6a8       0x84 ../../../ei-freertos/build/REL/lib_nrf52/CORE_ARCH/tiny_printf.o
 .text._ntoa_long_long
                0x000000000002e72c       0xa4 ../../../ei-freertos/build/REL/lib_nrf52/CORE_ARCH/tiny_printf.o
 .text.tiny_vsnprintf
                0x000000000002e7d0       0x1c ../../../ei-freertos/build/REL/lib_nrf52/CORE_ARCH/tiny_printf.o
                0x000000000002e7d0                tiny_vsnprintf
 *libCORE_CSIRO.a:*(SORT_BY_ALIGNMENT(.text) SORT_BY_ALIGNMENT(.text.*))
 .text.vWatchdogRunInterrupt
                0x000000000002e7ec       0x24 ../../../ei-freertos/build/REL/xenon/lib/CORE_CSIRO/watchdog_common.o
                0x000000000002e7ec                vWatchdogRunInterrupt
 .text.vWatchdogPrintRebootReason
                0x000000000002e810       0x34 ../../../ei-freertos/build/REL/xenon/lib/CORE_CSIRO/watchdog_common.o
                0x000000000002e810                vWatchdogPrintRebootReason
 .text.vWatchdogPopulateTdf
                0x000000000002e844       0x34 ../../../ei-freertos/build/REL/xenon/lib/CORE_CSIRO/watchdog_common.o
                0x000000000002e844                vWatchdogPopulateTdf
 .text.vUartReleaseBuffer
                0x000000000002e878       0x3c ../../../ei-freertos/build/REL/xenon/lib/CORE_CSIRO/uart_common.o
                0x000000000002e878                vUartReleaseBuffer
 .text.eUartWrite
                0x000000000002e8b4       0x9c ../../../ei-freertos/build/REL/xenon/lib/CORE_CSIRO/uart_common.o
                0x000000000002e8b4                eUartWrite
 .text.pcUartClaimBuffer
                0x000000000002e950       0x74 ../../../ei-freertos/build/REL/xenon/lib/CORE_CSIRO/uart_common.o
                0x000000000002e950                pcUartClaimBuffer
 .text.vSerialReceiveTask
                0x000000000002e9c4       0x30 ../../../ei-freertos/build/REL/xenon/lib/CORE_CSIRO/uart_common.o
                0x000000000002e9c4                vSerialReceiveTask
 .text.eValidateDatetime
                0x000000000002e9f4       0x90 ../../../ei-freertos/build/REL/xenon/lib/CORE_CSIRO/rtc_common.o
                0x000000000002e9f4                eValidateDatetime
 .text.bRtcDateIsValid
                0x000000000002ea84       0x10 ../../../ei-freertos/build/REL/xenon/lib/CORE_CSIRO/rtc_common.o
                0x000000000002ea84                bRtcDateIsValid
 .text.bRtcGetTdfTime
                0x000000000002ea94       0x24 ../../../ei-freertos/build/REL/xenon/lib/CORE_CSIRO/rtc_common.o
                0x000000000002ea94                bRtcGetTdfTime
 .text.vRtcEpochToDateTime
                0x000000000002eab8      0x12c ../../../ei-freertos/build/REL/xenon/lib/CORE_CSIRO/rtc_common.o
                0x000000000002eab8                vRtcEpochToDateTime
 .text.vRtcIncrementDateTime
                0x000000000002ebe4       0xdc ../../../ei-freertos/build/REL/xenon/lib/CORE_CSIRO/rtc_common.o
                0x000000000002ebe4                vRtcIncrementDateTime
 .text.eRtcDayOfWeek
                0x000000000002ecc0       0x54 ../../../ei-freertos/build/REL/xenon/lib/CORE_CSIRO/rtc_common.o
                0x000000000002ecc0                eRtcDayOfWeek
 .text.eElapsedDaysInYear
                0x000000000002ed14       0x90 ../../../ei-freertos/build/REL/xenon/lib/CORE_CSIRO/rtc_common.o
                0x000000000002ed14                eElapsedDaysInYear
 .text.vRtcDateTimeToEpoch
                0x000000000002eda4       0xc4 ../../../ei-freertos/build/REL/xenon/lib/CORE_CSIRO/rtc_common.o
                0x000000000002eda4                vRtcDateTimeToEpoch
 .text.eRtcPrintDatetime
                0x000000000002ee68       0x48 ../../../ei-freertos/build/REL/xenon/lib/CORE_CSIRO/rtc_common.o
                0x000000000002ee68                eRtcPrintDatetime
 .text.sd_power_reset_reason_get
                0x000000000002eeb0        0x4 ../../../ei-freertos/build/REL/xenon/lib/CORE_CSIRO/watchdog.o
 .text.sd_power_reset_reason_clr
                0x000000000002eeb4        0x4 ../../../ei-freertos/build/REL/xenon/lib/CORE_CSIRO/watchdog.o
 .text.sd_power_gpregret_set
                0x000000000002eeb8        0x4 ../../../ei-freertos/build/REL/xenon/lib/CORE_CSIRO/watchdog.o
 .text.sd_power_gpregret_clr
                0x000000000002eebc        0x4 ../../../ei-freertos/build/REL/xenon/lib/CORE_CSIRO/watchdog.o
 .text.sd_power_gpregret_get
                0x000000000002eec0        0x4 ../../../ei-freertos/build/REL/xenon/lib/CORE_CSIRO/watchdog.o
 .text.vWatchdogInit
                0x000000000002eec4       0x2c ../../../ei-freertos/build/REL/xenon/lib/CORE_CSIRO/watchdog.o
                0x000000000002eec4                vWatchdogInit
 .text.vWatchdogPeriodic
                0x000000000002eef0        0x8 ../../../ei-freertos/build/REL/xenon/lib/CORE_CSIRO/watchdog.o
                0x000000000002eef0                vWatchdogPeriodic
 .text.xWatchdogRebootReason
                0x000000000002eef8       0x94 ../../../ei-freertos/build/REL/xenon/lib/CORE_CSIRO/watchdog.o
                0x000000000002eef8                xWatchdogRebootReason
 .text.vWatchdogSetRebootReason
                0x000000000002ef8c       0x54 ../../../ei-freertos/build/REL/xenon/lib/CORE_CSIRO/watchdog.o
                0x000000000002ef8c                vWatchdogSetRebootReason
 .text.eUartInit
                0x000000000002efe0      0x1f8 ../../../ei-freertos/build/REL/xenon/lib/CORE_CSIRO/uart.o
                0x000000000002efe0                eUartInit
 .text.vUartOff
                0x000000000002f1d8       0x50 ../../../ei-freertos/build/REL/xenon/lib/CORE_CSIRO/uart.o
                0x000000000002f1d8                vUartOff
 .text.prvUartInit
                0x000000000002f228       0xd4 ../../../ei-freertos/build/REL/xenon/lib/CORE_CSIRO/uart.o
                0x000000000002f228                prvUartInit
 .text.vUartOn  0x000000000002f2fc       0x30 ../../../ei-freertos/build/REL/xenon/lib/CORE_CSIRO/uart.o
                0x000000000002f2fc                vUartOn
 .text.vUartQueueBuffer
                0x000000000002f32c       0x7c ../../../ei-freertos/build/REL/xenon/lib/CORE_CSIRO/uart.o
                0x000000000002f32c                vUartQueueBuffer
 .text.prvUartDisable
                0x000000000002f3a8       0xd8 ../../../ei-freertos/build/REL/xenon/lib/CORE_CSIRO/uart.o
                0x000000000002f3a8                prvUartDisable
 .text.vUartInterruptHandler
                0x000000000002f480      0x18c ../../../ei-freertos/build/REL/xenon/lib/CORE_CSIRO/uart.o
                0x000000000002f480                vUartInterruptHandler
 .text.prvSpiTransfer
                0x000000000002f60c       0xb4 ../../../ei-freertos/build/REL/xenon/lib/CORE_CSIRO/spi.o
 .text.xClockModeConversion
                0x000000000002f6c0       0x34 ../../../ei-freertos/build/REL/xenon/lib/CORE_CSIRO/spi.o
 .text.eSpiInit
                0x000000000002f6f4       0x80 ../../../ei-freertos/build/REL/xenon/lib/CORE_CSIRO/spi.o
                0x000000000002f6f4                eSpiInit
 .text.eSpiBusStart
                0x000000000002f774      0x170 ../../../ei-freertos/build/REL/xenon/lib/CORE_CSIRO/spi.o
                0x000000000002f774                eSpiBusStart
 .text.vSpiBusEnd
                0x000000000002f8e4       0x90 ../../../ei-freertos/build/REL/xenon/lib/CORE_CSIRO/spi.o
                0x000000000002f8e4                vSpiBusEnd
 .text.vSpiCsAssert
                0x000000000002f974       0x30 ../../../ei-freertos/build/REL/xenon/lib/CORE_CSIRO/spi.o
                0x000000000002f974                vSpiCsAssert
 .text.vSpiCsRelease
                0x000000000002f9a4       0x30 ../../../ei-freertos/build/REL/xenon/lib/CORE_CSIRO/spi.o
                0x000000000002f9a4                vSpiCsRelease
 .text.vSpiReceive
                0x000000000002f9d4       0x48 ../../../ei-freertos/build/REL/xenon/lib/CORE_CSIRO/spi.o
                0x000000000002f9d4                vSpiReceive
 .text.vSpiInterruptHandler
                0x000000000002fa1c       0x40 ../../../ei-freertos/build/REL/xenon/lib/CORE_CSIRO/spi.o
                0x000000000002fa1c                vSpiInterruptHandler
 .text.vGpioInit
                0x000000000002fa5c       0x3c ../../../ei-freertos/build/REL/xenon/lib/CORE_CSIRO/gpio.o
                0x000000000002fa5c                vGpioInit
 .text.vGpioSetup
                0x000000000002fa98      0x104 ../../../ei-freertos/build/REL/xenon/lib/CORE_CSIRO/gpio.o
                0x000000000002fa98                vGpioSetup
 .text.vGpioWrite
                0x000000000002fb9c       0x3c ../../../ei-freertos/build/REL/xenon/lib/CORE_CSIRO/gpio.o
                0x000000000002fb9c                vGpioWrite
 .text.vInterruptSetPriority
                0x000000000002fbd8       0x44 ../../../ei-freertos/build/REL/xenon/lib/CORE_CSIRO/cpu.o
                0x000000000002fbd8                vInterruptSetPriority
 .text.vInterruptEnable
                0x000000000002fc1c       0x88 ../../../ei-freertos/build/REL/xenon/lib/CORE_CSIRO/cpu.o
                0x000000000002fc1c                vInterruptEnable
 .text.vSystemReboot
                0x000000000002fca4       0x24 ../../../ei-freertos/build/REL/xenon/lib/CORE_CSIRO/cpu.o
                0x000000000002fca4                vSystemReboot
 .text.vRtcHeartbeatWait
                0x000000000002fcc8       0x2c ../../../ei-freertos/build/REL/xenon/lib/CORE_CSIRO/rtc.o
                0x000000000002fcc8                vRtcHeartbeatWait
 .text.bRtcGetEpochTime
                0x000000000002fcf4       0x60 ../../../ei-freertos/build/REL/xenon/lib/CORE_CSIRO/rtc.o
                0x000000000002fcf4                bRtcGetEpochTime
 .text.bRtcGetDatetime
                0x000000000002fd54       0x2c ../../../ei-freertos/build/REL/xenon/lib/CORE_CSIRO/rtc.o
                0x000000000002fd54                bRtcGetDatetime
 .text.eRtcSetDatetime
                0x000000000002fd80       0x3c ../../../ei-freertos/build/REL/xenon/lib/CORE_CSIRO/rtc.o
                0x000000000002fd80                eRtcSetDatetime
 .text.vRtcInit
                0x000000000002fdbc       0xc8 ../../../ei-freertos/build/REL/xenon/lib/CORE_CSIRO/rtc.o
                0x000000000002fdbc                vRtcInit
 .text.usRtcSubsecond
                0x000000000002fe84       0x10 ../../../ei-freertos/build/REL/xenon/lib/CORE_CSIRO/rtc.o
                0x000000000002fe84                usRtcSubsecond
 .text.RTC2_IRQHandler
                0x000000000002fe94       0xe4 ../../../ei-freertos/build/REL/xenon/lib/CORE_CSIRO/rtc.o
                0x000000000002fe94                RTC2_IRQHandler
 .text.prvHeartbeatTask
                0x000000000002ff78       0x6c ../../../ei-freertos/build/REL/xenon/lib/CORE_CSIRO/main.o
 .text.startup.main
                0x000000000002ffe4       0x44 ../../../ei-freertos/build/REL/xenon/lib/CORE_CSIRO/main.o
                0x000000000002ffe4                main
 .text.WDT_IRQHandler
                0x0000000000030028       0x14 ../../../ei-freertos/build/REL/xenon/lib/CORE_CSIRO/xenon_board.o
                0x0000000000030028                WDT_IRQHandler
 .text.UARTE0_UART0_IRQHandler
                0x000000000003003c        0xc ../../../ei-freertos/build/REL/xenon/lib/CORE_CSIRO/xenon_board.o
                0x000000000003003c                UARTE0_UART0_IRQHandler
 .text.SPIM0_TWIM0_IRQHandler
                0x0000000000030048        0xc ../../../ei-freertos/build/REL/xenon/lib/CORE_CSIRO/xenon_board.o
                0x0000000000030048                SPIM0_TWIM0_IRQHandler
 .text.vBoardSetupCore
                0x0000000000030054        0x4 ../../../ei-freertos/build/REL/xenon/lib/CORE_CSIRO/xenon_board.o
                0x0000000000030054                vBoardSetupCore
 .text.prvBoardPrintIdentifiers
                0x0000000000030058       0xc0 ../../../ei-freertos/build/REL/xenon/lib/CORE_CSIRO/xenon_board.o
                0x0000000000030058                prvBoardPrintIdentifiers
 .text.prvBoardServicesInit
                0x0000000000030118       0x38 ../../../ei-freertos/build/REL/xenon/lib/CORE_CSIRO/xenon_board.o
                0x0000000000030118                prvBoardServicesInit
 .text.prvBoardPinsInit
                0x0000000000030150       0x6c ../../../ei-freertos/build/REL/xenon/lib/CORE_CSIRO/xenon_board.o
                0x0000000000030150                prvBoardPinsInit
 .text.prvBoardSerialInit
                0x00000000000301bc       0x24 ../../../ei-freertos/build/REL/xenon/lib/CORE_CSIRO/xenon_board.o
                0x00000000000301bc                prvBoardSerialInit
 .text.prvBoardNvmInit
                0x00000000000301e0       0x38 ../../../ei-freertos/build/REL/xenon/lib/CORE_CSIRO/xenon_board.o
                0x00000000000301e0                prvBoardNvmInit
 .text.prvBoardInterfaceInit
                0x0000000000030218       0x5c ../../../ei-freertos/build/REL/xenon/lib/CORE_CSIRO/xenon_board.o
                0x0000000000030218                prvBoardInterfaceInit
 .text.prvBoardLoggersInit
                0x0000000000030274       0x48 ../../../ei-freertos/build/REL/xenon/lib/CORE_CSIRO/xenon_board.o
                0x0000000000030274                prvBoardLoggersInit
 .text.prvBoardBluetoothInit
                0x00000000000302bc       0xb0 ../../../ei-freertos/build/REL/xenon/lib/CORE_CSIRO/xenon_board.o
                0x00000000000302bc                prvBoardBluetoothInit
 .text.prvBoardLowPowerInit
                0x000000000003036c       0x30 ../../../ei-freertos/build/REL/xenon/lib/CORE_CSIRO/xenon_board.o
                0x000000000003036c                prvBoardLowPowerInit
 .text.vBoardInit
                0x000000000003039c       0x34 ../../../ei-freertos/build/REL/xenon/lib/CORE_CSIRO/xenon_board.o
                0x000000000003039c                vBoardInit
 .text.vBoardWatchdogPeriodic
                0x00000000000303d0        0xc ../../../ei-freertos/build/REL/xenon/lib/CORE_CSIRO/xenon_board.o
                0x00000000000303d0                vBoardWatchdogPeriodic
 .text.ulBoardAdcSample
                0x00000000000303dc       0x18 ../../../ei-freertos/build/REL/xenon/lib/CORE_CSIRO/xenon_board.o
                0x00000000000303dc                ulBoardAdcSample
 .text.vLogResetLogLevels
                0x00000000000303f4       0x18 ../../../ei-freertos/build/REL/xenon/lib/CORE_CSIRO/log.o
                0x00000000000303f4                vLogResetLogLevels
 .text.eLogSetLogLevel
                0x000000000003040c       0x20 ../../../ei-freertos/build/REL/xenon/lib/CORE_CSIRO/log.o
                0x000000000003040c                eLogSetLogLevel
 .text.eLog     0x000000000003042c       0x50 ../../../ei-freertos/build/REL/xenon/lib/CORE_CSIRO/log.o
                0x000000000003042c                eLog
 .text.eTdfLoggerConfigure
                0x000000000003047c       0x30 ../../../ei-freertos/build/REL/xenon/lib/CORE_CSIRO/tdf.o
                0x000000000003047c                eTdfLoggerConfigure
 .text.pvMemset
                0x00000000000304ac       0x34 ../../../ei-freertos/build/REL/xenon/lib/CORE_CSIRO/memory_operations.o
                0x00000000000304ac                pvMemset
 .text.pvMemcpy
                0x00000000000304e0       0x48 ../../../ei-freertos/build/REL/xenon/lib/CORE_CSIRO/memory_operations.o
                0x00000000000304e0                pvMemcpy
 .text.lMemcmp  0x0000000000030528       0x3c ../../../ei-freertos/build/REL/xenon/lib/CORE_CSIRO/memory_operations.o
                0x0000000000030528                lMemcmp
 .text.ulStrLen
                0x0000000000030564       0x14 ../../../ei-freertos/build/REL/xenon/lib/CORE_CSIRO/memory_operations.o
                0x0000000000030564                ulStrLen
 .text.eConfigure
                0x0000000000030578       0x1c ../../../ei-freertos/build/REL/xenon/lib/CORE_CSIRO/bluetooth_logger.o
 .text.eStatus  0x0000000000030594        0x4 ../../../ei-freertos/build/REL/xenon/lib/CORE_CSIRO/bluetooth_logger.o
 .text.eReadBlock
                0x0000000000030598        0x4 ../../../ei-freertos/build/REL/xenon/lib/CORE_CSIRO/bluetooth_logger.o
 .text.ePrepareBlock
                0x000000000003059c        0x4 ../../../ei-freertos/build/REL/xenon/lib/CORE_CSIRO/bluetooth_logger.o
 .text.eWriteBlock
                0x00000000000305a0       0x68 ../../../ei-freertos/build/REL/xenon/lib/CORE_CSIRO/bluetooth_logger.o
 .text.eConfigure
                0x0000000000030608       0x1c ../../../ei-freertos/build/REL/xenon/lib/CORE_CSIRO/serial_logger.o
 .text.eStatus  0x0000000000030624        0x4 ../../../ei-freertos/build/REL/xenon/lib/CORE_CSIRO/serial_logger.o
 .text.eReadBlock
                0x0000000000030628        0x4 ../../../ei-freertos/build/REL/xenon/lib/CORE_CSIRO/serial_logger.o
 .text.ePrepareBlock
                0x000000000003062c        0x4 ../../../ei-freertos/build/REL/xenon/lib/CORE_CSIRO/serial_logger.o
 .text.eWriteBlock
                0x0000000000030630       0x68 ../../../ei-freertos/build/REL/xenon/lib/CORE_CSIRO/serial_logger.o
 .text.eConfigure
                0x0000000000030698       0x1c ../../../ei-freertos/build/REL/xenon/lib/CORE_CSIRO/null_logger.o
 .text.eStatus  0x00000000000306b4        0x4 ../../../ei-freertos/build/REL/xenon/lib/CORE_CSIRO/null_logger.o
 .text.eReadBlock
                0x00000000000306b8        0x4 ../../../ei-freertos/build/REL/xenon/lib/CORE_CSIRO/null_logger.o
 .text.eWriteBlock
                0x00000000000306bc        0x4 ../../../ei-freertos/build/REL/xenon/lib/CORE_CSIRO/null_logger.o
 .text.ePrepareBlock
                0x00000000000306c0        0x4 ../../../ei-freertos/build/REL/xenon/lib/CORE_CSIRO/null_logger.o
 .text.vCommsListenCallback
                0x00000000000306c4       0x10 ../../../ei-freertos/build/REL/xenon/lib/CORE_CSIRO/unified_comms.o
                0x00000000000306c4                vCommsListenCallback
 .text.vUnifiedCommsInit
                0x00000000000306d4       0x28 ../../../ei-freertos/build/REL/xenon/lib/CORE_CSIRO/unified_comms.o
                0x00000000000306d4                vUnifiedCommsInit
 .text.vUnifiedCommsListen
                0x00000000000306fc       0x88 ../../../ei-freertos/build/REL/xenon/lib/CORE_CSIRO/unified_comms.o
                0x00000000000306fc                vUnifiedCommsListen
 .text.eBluetoothCommsInit
                0x0000000000030784       0x28 ../../../ei-freertos/build/REL/xenon/lib/CORE_CSIRO/unified_comms_bluetooth.o
                0x0000000000030784                eBluetoothCommsInit
 .text.eBluetoothCommsEnable
                0x00000000000307ac       0x18 ../../../ei-freertos/build/REL/xenon/lib/CORE_CSIRO/unified_comms_bluetooth.o
                0x00000000000307ac                eBluetoothCommsEnable
 .text.vBluetoothReceived
                0x00000000000307c4      0x500 ../../../ei-freertos/build/REL/xenon/lib/CORE_CSIRO/unified_comms_bluetooth.o
                0x00000000000307c4                vBluetoothReceived
 .text.eBluetoothCommsSend
                0x0000000000030cc4      0x30c ../../../ei-freertos/build/REL/xenon/lib/CORE_CSIRO/unified_comms_bluetooth.o
                0x0000000000030cc4                eBluetoothCommsSend
 .text.eSerialCommsInit
                0x0000000000030fd0        0x4 ../../../ei-freertos/build/REL/xenon/lib/CORE_CSIRO/unified_comms_serial.o
                0x0000000000030fd0                eSerialCommsInit
 .text.eSerialCommsEnable
                0x0000000000030fd4       0x24 ../../../ei-freertos/build/REL/xenon/lib/CORE_CSIRO/unified_comms_serial.o
                0x0000000000030fd4                eSerialCommsEnable
 .text.eSerialCommsSend
                0x0000000000030ff8       0xb0 ../../../ei-freertos/build/REL/xenon/lib/CORE_CSIRO/unified_comms_serial.o
                0x0000000000030ff8                eSerialCommsSend
 .text.vSerialPacketBuilder
                0x00000000000310a8      0x14c ../../../ei-freertos/build/REL/xenon/lib/CORE_CSIRO/unified_comms_serial.o
                0x00000000000310a8                vSerialPacketBuilder
 .text.eGattCommsInit
                0x00000000000311f4       0x54 ../../../ei-freertos/build/REL/xenon/lib/CORE_CSIRO/unified_comms_gatt.o
                0x00000000000311f4                eGattCommsInit
 .text.eGattCommsSend
                0x0000000000031248      0x208 ../../../ei-freertos/build/REL/xenon/lib/CORE_CSIRO/unified_comms_gatt.o
                0x0000000000031248                eGattCommsSend
 .text.vGattConnected
                0x0000000000031450       0x98 ../../../ei-freertos/build/REL/xenon/lib/CORE_CSIRO/unified_comms_gatt.o
                0x0000000000031450                vGattConnected
 .text.vGattDisconnected
                0x00000000000314e8       0x3c ../../../ei-freertos/build/REL/xenon/lib/CORE_CSIRO/unified_comms_gatt.o
                0x00000000000314e8                vGattDisconnected
 .text.vGattLocalCharacterisiticSubscribed
                0x0000000000031524       0x38 ../../../ei-freertos/build/REL/xenon/lib/CORE_CSIRO/unified_comms_gatt.o
                0x0000000000031524                vGattLocalCharacterisiticSubscribed
 .text.vGattRemoteCharacterisiticRead
                0x000000000003155c        0x4 ../../../ei-freertos/build/REL/xenon/lib/CORE_CSIRO/unified_comms_gatt.o
                0x000000000003155c                vGattRemoteCharacterisiticRead
 .text.eGattCommsEnable
                0x0000000000031560       0x1c ../../../ei-freertos/build/REL/xenon/lib/CORE_CSIRO/unified_comms_gatt.o
                0x0000000000031560                eGattCommsEnable
 .text.vGattReceiveHandler
                0x000000000003157c      0x130 ../../../ei-freertos/build/REL/xenon/lib/CORE_CSIRO/unified_comms_gatt.o
                0x000000000003157c                vGattReceiveHandler
 .text.vGattLocalCharacterisiticWritten
                0x00000000000316ac       0x28 ../../../ei-freertos/build/REL/xenon/lib/CORE_CSIRO/unified_comms_gatt.o
                0x00000000000316ac                vGattLocalCharacterisiticWritten
 .text.vGattRemoteCharacterisiticChanged
                0x00000000000316d4       0x3c ../../../ei-freertos/build/REL/xenon/lib/CORE_CSIRO/unified_comms_gatt.o
                0x00000000000316d4                vGattRemoteCharacterisiticChanged
 .text.prvLedsUpdate
                0x0000000000031710       0x68 ../../../ei-freertos/build/REL/xenon/lib/CORE_CSIRO/leds.o
 .text.vLedsInit
                0x0000000000031778       0x6c ../../../ei-freertos/build/REL/xenon/lib/CORE_CSIRO/leds.o
                0x0000000000031778                vLedsInit
 .text.vLedsSet
                0x00000000000317e4       0x10 ../../../ei-freertos/build/REL/xenon/lib/CORE_CSIRO/leds.o
                0x00000000000317e4                vLedsSet
 .text.vLedsOn  0x00000000000317f4       0x14 ../../../ei-freertos/build/REL/xenon/lib/CORE_CSIRO/leds.o
                0x00000000000317f4                vLedsOn
 .text.vLedsOff
                0x0000000000031808       0x18 ../../../ei-freertos/build/REL/xenon/lib/CORE_CSIRO/leds.o
                0x0000000000031808                vLedsOff
 .text.vLedsToggle
                0x0000000000031820       0x14 ../../../ei-freertos/build/REL/xenon/lib/CORE_CSIRO/leds.o
                0x0000000000031820                vLedsToggle
 .text.pxBluetoothSearchCharacteristicUUID
                0x0000000000031834       0x44 ../../../ei-freertos/build/REL/xenon/lib/CORE_CSIRO/bluetooth_utility.o
                0x0000000000031834                pxBluetoothSearchCharacteristicUUID
 .text.pxBluetoothSearchCharacteristicHandle
                0x0000000000031878       0x4c ../../../ei-freertos/build/REL/xenon/lib/CORE_CSIRO/bluetooth_utility.o
                0x0000000000031878                pxBluetoothSearchCharacteristicHandle
 .text.prvPrintService
                0x00000000000318c4       0x74 ../../../ei-freertos/build/REL/xenon/lib/CORE_CSIRO/bluetooth_utility.o
                0x00000000000318c4                prvPrintService
 .text.prvPrintCharacteristic
                0x0000000000031938       0x94 ../../../ei-freertos/build/REL/xenon/lib/CORE_CSIRO/bluetooth_utility.o
                0x0000000000031938                prvPrintCharacteristic
 .text.vBluetoothPrintConnectionGattTable
                0x00000000000319cc       0x70 ../../../ei-freertos/build/REL/xenon/lib/CORE_CSIRO/bluetooth_utility.o
                0x00000000000319cc                vBluetoothPrintConnectionGattTable
 .text.prvBtCallbackTask
                0x0000000000031a3c       0xc0 ../../../ei-freertos/build/REL/xenon/lib/CORE_CSIRO/bluetooth_controller.o
 .text.prvStackGoLowPower
                0x0000000000031afc       0x28 ../../../ei-freertos/build/REL/xenon/lib/CORE_CSIRO/bluetooth_controller.o
 .text.vBluetoothControllerInit
                0x0000000000031b24       0xe8 ../../../ei-freertos/build/REL/xenon/lib/CORE_CSIRO/bluetooth_controller.o
                0x0000000000031b24                vBluetoothControllerInit
 .text.vBluetoothControllerAdvertisingComplete
                0x0000000000031c0c      0x1a4 ../../../ei-freertos/build/REL/xenon/lib/CORE_CSIRO/bluetooth_controller.o
                0x0000000000031c0c                vBluetoothControllerAdvertisingComplete
 .text.prvBtControllerTask
                0x0000000000031db0      0x5bc ../../../ei-freertos/build/REL/xenon/lib/CORE_CSIRO/bluetooth_controller.o
 .text.vBluetoothControllerCallbackRun
                0x000000000003236c       0x2c ../../../ei-freertos/build/REL/xenon/lib/CORE_CSIRO/bluetooth_controller.o
                0x000000000003236c                vBluetoothControllerCallbackRun
 .text.pxBluetoothMasterConfiguration
                0x0000000000032398        0x8 ../../../ei-freertos/build/REL/xenon/lib/CORE_CSIRO/bluetooth_controller.o
                0x0000000000032398                pxBluetoothMasterConfiguration
 .text.pxBluetoothSlaveConfiguration
                0x00000000000323a0        0x8 ../../../ei-freertos/build/REL/xenon/lib/CORE_CSIRO/bluetooth_controller.o
                0x00000000000323a0                pxBluetoothSlaveConfiguration
 .text.cBluetoothSetTxPower
                0x00000000000323a8       0x64 ../../../ei-freertos/build/REL/xenon/lib/CORE_CSIRO/bluetooth_controller.o
                0x00000000000323a8                cBluetoothSetTxPower
 .text.bBluetoothUUIDsEqual
                0x000000000003240c       0x30 ../../../ei-freertos/build/REL/xenon/lib/CORE_CSIRO/bluetooth_controller.o
                0x000000000003240c                bBluetoothUUIDsEqual
 .text.eBluetoothConfigureScanning
                0x000000000003243c       0x48 ../../../ei-freertos/build/REL/xenon/lib/CORE_CSIRO/bluetooth_controller.o
                0x000000000003243c                eBluetoothConfigureScanning
 .text.eBluetoothConfigureConnections
                0x0000000000032484       0x48 ../../../ei-freertos/build/REL/xenon/lib/CORE_CSIRO/bluetooth_controller.o
                0x0000000000032484                eBluetoothConfigureConnections
 .text.eBluetoothScanStart
                0x00000000000324cc       0x4c ../../../ei-freertos/build/REL/xenon/lib/CORE_CSIRO/bluetooth_controller.o
                0x00000000000324cc                eBluetoothScanStart
 .text.eBluetoothScanStop
                0x0000000000032518       0x48 ../../../ei-freertos/build/REL/xenon/lib/CORE_CSIRO/bluetooth_controller.o
                0x0000000000032518                eBluetoothScanStop
 .text.eBluetoothAdvertise
                0x0000000000032560       0x48 ../../../ei-freertos/build/REL/xenon/lib/CORE_CSIRO/bluetooth_controller.o
                0x0000000000032560                eBluetoothAdvertise
 .text.eBluetoothDisconnect
                0x00000000000325a8       0x48 ../../../ei-freertos/build/REL/xenon/lib/CORE_CSIRO/bluetooth_controller.o
                0x00000000000325a8                eBluetoothDisconnect
 .text.eBluetoothWriteLocalCharacteristic
                0x00000000000325f0       0x48 ../../../ei-freertos/build/REL/xenon/lib/CORE_CSIRO/bluetooth_controller.o
                0x00000000000325f0                eBluetoothWriteLocalCharacteristic
 .text.eBluetoothDistributeLocalCharacteristic
                0x0000000000032638       0x48 ../../../ei-freertos/build/REL/xenon/lib/CORE_CSIRO/bluetooth_controller.o
                0x0000000000032638                eBluetoothDistributeLocalCharacteristic
 .text.eBluetoothWriteRemoteCharacteristic
                0x0000000000032680       0x54 ../../../ei-freertos/build/REL/xenon/lib/CORE_CSIRO/bluetooth_controller.o
                0x0000000000032680                eBluetoothWriteRemoteCharacteristic
 .text.eBluetoothSubscribeRemoteCharacteristic
                0x00000000000326d4       0x7c ../../../ei-freertos/build/REL/xenon/lib/CORE_CSIRO/bluetooth_controller.o
                0x00000000000326d4                eBluetoothSubscribeRemoteCharacteristic
 .text.vAes128Crypt
                0x0000000000032750       0x48 ../../../ei-freertos/build/REL/xenon/lib/CORE_CSIRO/crypto_common.o
                0x0000000000032750                vAes128Crypt
 .text.sd_ble_gap_addr_get
                0x0000000000032798        0x4 ../../../ei-freertos/build/REL/xenon/lib/CORE_CSIRO/bluetooth_gap.o
 .text.sd_ble_gap_adv_set_configure
                0x000000000003279c        0x4 ../../../ei-freertos/build/REL/xenon/lib/CORE_CSIRO/bluetooth_gap.o
 .text.sd_ble_gap_adv_start
                0x00000000000327a0        0x4 ../../../ei-freertos/build/REL/xenon/lib/CORE_CSIRO/bluetooth_gap.o
 .text.sd_ble_gap_disconnect
                0x00000000000327a4        0x4 ../../../ei-freertos/build/REL/xenon/lib/CORE_CSIRO/bluetooth_gap.o
 .text.sd_ble_gap_tx_power_set
                0x00000000000327a8        0x4 ../../../ei-freertos/build/REL/xenon/lib/CORE_CSIRO/bluetooth_gap.o
 .text.sd_ble_gap_scan_start
                0x00000000000327ac        0x4 ../../../ei-freertos/build/REL/xenon/lib/CORE_CSIRO/bluetooth_gap.o
 .text.sd_ble_gap_scan_stop
                0x00000000000327b0        0x4 ../../../ei-freertos/build/REL/xenon/lib/CORE_CSIRO/bluetooth_gap.o
 .text.sd_ble_gap_connect
                0x00000000000327b4        0x4 ../../../ei-freertos/build/REL/xenon/lib/CORE_CSIRO/bluetooth_gap.o
 .text.sd_ble_gap_connect_cancel
                0x00000000000327b8        0x4 ../../../ei-freertos/build/REL/xenon/lib/CORE_CSIRO/bluetooth_gap.o
 .text.prvBluetoothGapEventHandler
                0x00000000000327bc       0x84 ../../../ei-freertos/build/REL/xenon/lib/CORE_CSIRO/bluetooth_gap.o
                0x00000000000327bc                prvBluetoothGapEventHandler
 .text.vBluetoothGetLocalAddress
                0x0000000000032840       0x2c ../../../ei-freertos/build/REL/xenon/lib/CORE_CSIRO/bluetooth_gap.o
                0x0000000000032840                vBluetoothGetLocalAddress
 .text.eBluetoothGapScanConfigure
                0x000000000003286c       0x80 ../../../ei-freertos/build/REL/xenon/lib/CORE_CSIRO/bluetooth_gap.o
                0x000000000003286c                eBluetoothGapScanConfigure
 .text.eBluetoothGapConnectionParameters
                0x00000000000328ec       0x28 ../../../ei-freertos/build/REL/xenon/lib/CORE_CSIRO/bluetooth_gap.o
                0x00000000000328ec                eBluetoothGapConnectionParameters
 .text.eBluetoothGapScanStart
                0x0000000000032914       0x7c ../../../ei-freertos/build/REL/xenon/lib/CORE_CSIRO/bluetooth_gap.o
                0x0000000000032914                eBluetoothGapScanStart
 .text.eBluetoothGapScanStop
                0x0000000000032990       0x38 ../../../ei-freertos/build/REL/xenon/lib/CORE_CSIRO/bluetooth_gap.o
                0x0000000000032990                eBluetoothGapScanStop
 .text.eBluetoothGapAdvertise
                0x00000000000329c8      0x158 ../../../ei-freertos/build/REL/xenon/lib/CORE_CSIRO/bluetooth_gap.o
                0x00000000000329c8                eBluetoothGapAdvertise
 .text.eBluetoothGapConnect
                0x0000000000032b20       0x94 ../../../ei-freertos/build/REL/xenon/lib/CORE_CSIRO/bluetooth_gap.o
                0x0000000000032b20                eBluetoothGapConnect
 .text.eBluetoothGapDisconnect
                0x0000000000032bb4       0x58 ../../../ei-freertos/build/REL/xenon/lib/CORE_CSIRO/bluetooth_gap.o
                0x0000000000032bb4                eBluetoothGapDisconnect
 .text.sd_ble_gap_rssi_start
                0x0000000000032c0c        0x4 ../../../ei-freertos/build/REL/xenon/lib/CORE_CSIRO/bluetooth_gatt.o
 .text.sd_ble_gap_rssi_get
                0x0000000000032c10        0x4 ../../../ei-freertos/build/REL/xenon/lib/CORE_CSIRO/bluetooth_gatt.o
 .text.sd_ble_gap_phy_update
                0x0000000000032c14        0x4 ../../../ei-freertos/build/REL/xenon/lib/CORE_CSIRO/bluetooth_gatt.o
 .text.sd_ble_gap_data_length_update
                0x0000000000032c18        0x4 ../../../ei-freertos/build/REL/xenon/lib/CORE_CSIRO/bluetooth_gatt.o
 .text.sd_ble_gattc_primary_services_discover
                0x0000000000032c1c        0x4 ../../../ei-freertos/build/REL/xenon/lib/CORE_CSIRO/bluetooth_gatt.o
 .text.sd_ble_gattc_characteristics_discover
                0x0000000000032c20        0x4 ../../../ei-freertos/build/REL/xenon/lib/CORE_CSIRO/bluetooth_gatt.o
 .text.sd_ble_gattc_descriptors_discover
                0x0000000000032c24        0x4 ../../../ei-freertos/build/REL/xenon/lib/CORE_CSIRO/bluetooth_gatt.o
 .text.sd_ble_gattc_read
                0x0000000000032c28        0x4 ../../../ei-freertos/build/REL/xenon/lib/CORE_CSIRO/bluetooth_gatt.o
 .text.sd_ble_gattc_write
                0x0000000000032c2c        0x4 ../../../ei-freertos/build/REL/xenon/lib/CORE_CSIRO/bluetooth_gatt.o
 .text.sd_ble_gattc_hv_confirm
                0x0000000000032c30        0x4 ../../../ei-freertos/build/REL/xenon/lib/CORE_CSIRO/bluetooth_gatt.o
 .text.sd_ble_gattc_exchange_mtu_request
                0x0000000000032c34        0x4 ../../../ei-freertos/build/REL/xenon/lib/CORE_CSIRO/bluetooth_gatt.o
 .text.sd_ble_gatts_value_set
                0x0000000000032c38        0x4 ../../../ei-freertos/build/REL/xenon/lib/CORE_CSIRO/bluetooth_gatt.o
 .text.sd_ble_gatts_hvx
                0x0000000000032c3c        0x4 ../../../ei-freertos/build/REL/xenon/lib/CORE_CSIRO/bluetooth_gatt.o
 .text.sd_ble_gatts_exchange_mtu_reply
                0x0000000000032c40        0x4 ../../../ei-freertos/build/REL/xenon/lib/CORE_CSIRO/bluetooth_gatt.o
 .text.sd_ble_uuid_vs_add
                0x0000000000032c44        0x4 ../../../ei-freertos/build/REL/xenon/lib/CORE_CSIRO/bluetooth_gatt.o
 .text.prvBluetoothGattServiceDiscovery.isra.0
                0x0000000000032c48       0x20 ../../../ei-freertos/build/REL/xenon/lib/CORE_CSIRO/bluetooth_gatt.o
 .text.prvBluetoothGattUUIDDiscover.isra.1
                0x0000000000032c68       0x2c ../../../ei-freertos/build/REL/xenon/lib/CORE_CSIRO/bluetooth_gatt.o
 .text.prvBluetoothContinueGattDiscovery
                0x0000000000032c94      0x118 ../../../ei-freertos/build/REL/xenon/lib/CORE_CSIRO/bluetooth_gatt.o
 .text.prvBluetoothGattEventHandler
                0x0000000000032dac      0x8e8 ../../../ei-freertos/build/REL/xenon/lib/CORE_CSIRO/bluetooth_gatt.o
                0x0000000000032dac                prvBluetoothGattEventHandler
 .text.vBluetoothGattRegisterInitiatedConnection
                0x0000000000033694        0xc ../../../ei-freertos/build/REL/xenon/lib/CORE_CSIRO/bluetooth_gatt.o
                0x0000000000033694                vBluetoothGattRegisterInitiatedConnection
 .text.sBluetoothGattConnectionRssi
                0x00000000000336a0       0x2c ../../../ei-freertos/build/REL/xenon/lib/CORE_CSIRO/bluetooth_gatt.o
                0x00000000000336a0                sBluetoothGattConnectionRssi
 .text.eBluetoothGattLocalWrite
                0x00000000000336cc       0x44 ../../../ei-freertos/build/REL/xenon/lib/CORE_CSIRO/bluetooth_gatt.o
                0x00000000000336cc                eBluetoothGattLocalWrite
 .text.eBluetoothGattLocalDistribute
                0x0000000000033710       0x68 ../../../ei-freertos/build/REL/xenon/lib/CORE_CSIRO/bluetooth_gatt.o
                0x0000000000033710                eBluetoothGattLocalDistribute
 .text.eBluetoothGattRemoteWrite
                0x0000000000033778       0x70 ../../../ei-freertos/build/REL/xenon/lib/CORE_CSIRO/bluetooth_gatt.o
                0x0000000000033778                eBluetoothGattRemoteWrite
 .text.eBluetoothGattRemoteRead
                0x00000000000337e8       0x24 ../../../ei-freertos/build/REL/xenon/lib/CORE_CSIRO/bluetooth_gatt.o
                0x00000000000337e8                eBluetoothGattRemoteRead
 .text.sd_evt_get
                0x000000000003380c        0x4 ../../../ei-freertos/build/REL/xenon/lib/CORE_CSIRO/bluetooth_stack.o
 .text.sd_ble_enable
                0x0000000000033810        0x4 ../../../ei-freertos/build/REL/xenon/lib/CORE_CSIRO/bluetooth_stack.o
 .text.sd_ble_cfg_set
                0x0000000000033814        0x4 ../../../ei-freertos/build/REL/xenon/lib/CORE_CSIRO/bluetooth_stack.o
 .text.sd_ble_evt_get
                0x0000000000033818        0x4 ../../../ei-freertos/build/REL/xenon/lib/CORE_CSIRO/bluetooth_stack.o
 .text.sd_ble_uuid_vs_add
                0x000000000003381c        0x4 ../../../ei-freertos/build/REL/xenon/lib/CORE_CSIRO/bluetooth_stack.o
 .text.sd_ble_uuid_vs_remove
                0x0000000000033820        0x4 ../../../ei-freertos/build/REL/xenon/lib/CORE_CSIRO/bluetooth_stack.o
 .text.sd_softdevice_enable
                0x0000000000033824        0x4 ../../../ei-freertos/build/REL/xenon/lib/CORE_CSIRO/bluetooth_stack.o
 .text.assertion_failed
                0x0000000000033828       0x10 ../../../ei-freertos/build/REL/xenon/lib/CORE_CSIRO/bluetooth_stack.o
                0x0000000000033828                assertion_failed
 .text.prvBtStackTask
                0x0000000000033838       0x78 ../../../ei-freertos/build/REL/xenon/lib/CORE_CSIRO/bluetooth_stack.o
 .text.SWI2_EGU2_IRQHandler
                0x00000000000338b0       0x38 ../../../ei-freertos/build/REL/xenon/lib/CORE_CSIRO/bluetooth_stack.o
                0x00000000000338b0                SWI2_EGU2_IRQHandler
 .text.eBluetoothStackOn
                0x00000000000338e8        0x4 ../../../ei-freertos/build/REL/xenon/lib/CORE_CSIRO/bluetooth_stack.o
                0x00000000000338e8                eBluetoothStackOn
 .text.eBluetoothStackOff
                0x00000000000338ec        0x4 ../../../ei-freertos/build/REL/xenon/lib/CORE_CSIRO/bluetooth_stack.o
                0x00000000000338ec                eBluetoothStackOff
 .text.nrf_sdh_is_enabled
                0x00000000000338f0        0xc ../../../ei-freertos/build/REL/xenon/lib/CORE_CSIRO/bluetooth_stack.o
                0x00000000000338f0                nrf_sdh_is_enabled
 .text.nrf_sdh_request_continue
                0x00000000000338fc        0x4 ../../../ei-freertos/build/REL/xenon/lib/CORE_CSIRO/bluetooth_stack.o
                0x00000000000338fc                nrf_sdh_request_continue
 .text.app_error_handler_bare
                0x0000000000033900       0x10 ../../../ei-freertos/build/REL/xenon/lib/CORE_CSIRO/bluetooth_stack.o
                0x0000000000033900                app_error_handler_bare
 .text.vBluetoothStackUUIDResolve
                0x0000000000033910       0x28 ../../../ei-freertos/build/REL/xenon/lib/CORE_CSIRO/bluetooth_stack.o
                0x0000000000033910                vBluetoothStackUUIDResolve
 .text.prvBluetoothUUIDTableFind
                0x0000000000033938      0x130 ../../../ei-freertos/build/REL/xenon/lib/CORE_CSIRO/bluetooth_stack.o
                0x0000000000033938                prvBluetoothUUIDTableFind
 .text.eBluetoothInit
                0x0000000000033a68      0x19c ../../../ei-freertos/build/REL/xenon/lib/CORE_CSIRO/bluetooth_stack.o
                0x0000000000033a68                eBluetoothInit
 .text.vTempInit
                0x0000000000033c04       0x30 ../../../ei-freertos/build/REL/xenon/lib/CORE_CSIRO/temp.o
                0x0000000000033c04                vTempInit
 .text.sd_rand_application_vector_get
                0x0000000000033c34        0x4 ../../../ei-freertos/build/REL/xenon/lib/CORE_CSIRO/random.o
 .text.eRandomGenerate
                0x0000000000033c38       0x10 ../../../ei-freertos/build/REL/xenon/lib/CORE_CSIRO/random.o
                0x0000000000033c38                eRandomGenerate
 .text.eI2CInit
                0x0000000000033c48       0x40 ../../../ei-freertos/build/REL/xenon/lib/CORE_CSIRO/i2c.o
                0x0000000000033c48                eI2CInit
 .text.vAdcInterruptHandler
                0x0000000000033c88       0x24 ../../../ei-freertos/build/REL/xenon/lib/CORE_CSIRO/adc.o
                0x0000000000033c88                vAdcInterruptHandler
 .text.vAdcInit
                0x0000000000033cac       0x44 ../../../ei-freertos/build/REL/xenon/lib/CORE_CSIRO/adc.o
                0x0000000000033cac                vAdcInit
 .text.prvGpioToAnalogPortMapping
                0x0000000000033cf0       0x64 ../../../ei-freertos/build/REL/xenon/lib/CORE_CSIRO/adc.o
                0x0000000000033cf0                prvGpioToAnalogPortMapping
 .text.prvAdcGainMapping
                0x0000000000033d54       0x3c ../../../ei-freertos/build/REL/xenon/lib/CORE_CSIRO/adc.o
                0x0000000000033d54                prvAdcGainMapping
 .text.ulAdcSample
                0x0000000000033d90      0x124 ../../../ei-freertos/build/REL/xenon/lib/CORE_CSIRO/adc.o
                0x0000000000033d90                ulAdcSample
 .text.bDeviceConstantsRead
                0x0000000000033eb4       0x24 ../../../ei-freertos/build/REL/xenon/lib/CORE_CSIRO/device_constants.o
                0x0000000000033eb4                bDeviceConstantsRead
 .text.prvFdsEvtHandler
                0x0000000000033ed8       0x34 ../../../ei-freertos/build/REL/xenon/lib/CORE_CSIRO/device_nvm.o
 .text.prvNvmExecuteAction.constprop.4